<html>
<body>
<pre>
<h1>µVision Build Log</h1>
<h2>Tool Versions:</h2>
IDE-Version: ¦ÌVision V5.14.2
Copyright (C) 2015 ARM Ltd and ARM Germany GmbH. All rights reserved.
License Information: Cortex-M3, y, LIC=WHYH9-4XPFW-X7SRZ-JR4QY-JQC6W-GV02E
 
Tool Versions:
Toolchain:       MDK-ARM Standard  Version: 5.15.0
Toolchain Path:  C:\Keil_v5\ARM\ARMCC\Bin
C Compiler:      Armcc.exe V5.05 update 2 (build 169)
Assembler:       Armasm.exe V5.05 update 2 (build 169)
Linker/Locator:  ArmLink.exe V5.05 update 2 (build 169)
Library Manager: ArmAr.exe V5.05 update 2 (build 169)
Hex Converter:   FromElf.exe V5.05 update 2 (build 169)
CPU DLL:         SARMCM3.DLL V5.15.0
Dialog DLL:      DCM.DLL V1.13.2.0
Target DLL:      Segger\JL2CM3.dll V2.99.15.0
Dialog DLL:      TCM.DLL V1.14.5.0
 
<h2>Project:</h2>
E:\project_source\J_MCU\ORC2213B_CJ1_MCU\ORC2213B_CJ1_MCU\Project\RVMDK\Project.uvproj
Project File Date:  08/18/2022

<h2>Output:</h2>
*** Using Compiler 'V5.05 update 2 (build 169)', folder: 'C:\Keil_v5\ARM\ARMCC\Bin'
Rebuild target 'STM3210C-EVAL'
compiling stm32f10x_it.c...
..\inc\stm32f107.h(65): warning:  #47-D: incompatible redefinition of macro "NULL" (declared at line 61 of "C:\Keil_v5\ARM\ARMCC\Bin\..\include\stdio.h")
  #define NULL ((void *)0)
..\src\stm32f10x_it.c: 1 warning, 0 errors
compiling main.c...
..\inc\stm32f107.h(65): warning:  #47-D: incompatible redefinition of macro "NULL" (declared at line 61 of "C:\Keil_v5\ARM\ARMCC\Bin\..\include\stdio.h")
  #define NULL ((void *)0)
..\src\main.c: 1 warning, 0 errors
compiling stm32f107.c...
..\inc\stm32f107.h(65): warning:  #47-D: incompatible redefinition of macro "NULL" (declared at line 61 of "C:\Keil_v5\ARM\ARMCC\Bin\..\include\stdio.h")
  #define NULL ((void *)0)
..\src\stm32f107.c(539): warning:  #177-D: variable "ipInfoStr" was declared but never referenced
        char ipInfoStr[IP_INFO_MAX_SIZE];
..\src\stm32f107.c: 2 warnings, 0 errors
compiling netconf.c...
..\inc\stm32f107.h(65): warning:  #47-D: incompatible redefinition of macro "NULL" (declared at line 61 of "C:\Keil_v5\ARM\ARMCC\Bin\..\include\stdio.h")
  #define NULL ((void *)0)
..\src\netconf.c(212): warning:  #9-D: nested comment is not allowed
                  /*Reinit PHY*/
..\src\netconf.c(56): warning:  #177-D: variable "IPaddress" was declared but never referenced
  static uint32_t IPaddress = 0;
..\src\netconf.c: 3 warnings, 0 errors
compiling tcpserver.c...
..\inc\stm32f107.h(65): warning:  #47-D: incompatible redefinition of macro "NULL" (declared at line 61 of "C:\Keil_v5\ARM\ARMCC\Bin\..\include\stdio.h")
  #define NULL ((void *)0)
..\src\tcpserver.c(82): warning:  #550-D: variable "ipaddress" was set but never used
      u32_t ipaddress;
..\src\tcpserver.c(275): warning:  #550-D: variable "ipaddress" was set but never used
      u32_t ipaddress; 
..\src\tcpserver.c(569): warning:  #940-D: missing return statement at end of non-void function "flashChoice"
  }
..\src\tcpserver.c: 4 warnings, 0 errors
compiling flash.c...
..\inc\stm32f107.h(65): warning:  #47-D: incompatible redefinition of macro "NULL" (declared at line 61 of "C:\Keil_v5\ARM\ARMCC\Bin\..\include\stdio.h")
  #define NULL ((void *)0)
..\src\flash.c: 1 warning, 0 errors
compiling drvflash.c...
..\inc\stm32f107.h(65): warning:  #47-D: incompatible redefinition of macro "NULL" (declared at line 61 of "C:\Keil_v5\ARM\ARMCC\Bin\..\include\stdio.h")
  #define NULL ((void *)0)
..\src\drvflash.c(52): warning:  #177-D: variable "count" was declared but never referenced
      int count = 0;
..\src\drvflash.c(120): warning:  #177-D: variable "i" was declared but never referenced
      uint16 i;
..\src\drvflash.c: 3 warnings, 0 errors
compiling stm32f10x_usart.c...
compiling stm32f10x_gpio.c...
compiling stm32f10x_rcc.c...
compiling stm32f10x_exti.c...
compiling stm32f10x_flash.c...
compiling misc.c...
compiling stm32f10x_tim.c...
compiling stm32_eth.c...
compiling stm32_eval.c...
compiling ethernetif.c...
..\inc\stm32f107.h(65): warning:  #47-D: incompatible redefinition of macro "NULL" (declared at line 61 of "C:\Keil_v5\ARM\ARMCC\Bin\..\include\stdio.h")
  #define NULL ((void *)0)
..\..\Utilities\lwip-1.3.1\port\ethernetif.c(309): warning:  #940-D: missing return statement at end of non-void function "ethernetif_input"
  }
..\..\Utilities\lwip-1.3.1\port\ethernetif.c: 2 warnings, 0 errors
compiling tcpip.c...
compiling api_lib.c...
compiling netbuf.c...
compiling netifapi.c...
compiling netdb.c...
compiling api_msg.c...
compiling err.c...
compiling stats.c...
compiling sys.c...
compiling tcp.c...
compiling tcp_in.c...
compiling tcp_out.c...
compiling udp.c...
compiling dhcp.c...
compiling init.c...
compiling mem.c...
..\..\Utilities\lwip-1.3.1\src\core\mem.c(184): warning:  #550-D: variable "mem_sem" was set but never used
  static sys_sem_t mem_sem;
..\..\Utilities\lwip-1.3.1\src\core\mem.c: 1 warning, 0 errors
compiling memp.c...
compiling netif.c...
compiling pbuf.c...
compiling raw.c...
compiling autoip.c...
compiling icmp.c...
compiling igmp.c...
compiling inet.c...
compiling inet_chksum.c...
compiling ip.c...
compiling ip_addr.c...
compiling ip_frag.c...
compiling etharp.c...
compiling system_stm32f10x.c...
compiling core_cm3.c...
assembling startup_stm32f10x_cl.s...
linking...
Program Size: Code=32276 RO-data=564 RW-data=276 ZI-data=54060  
".\Obj\STM3210C-EVAL.axf" - 0 Error(s), 18 Warning(s).
</pre>
</body>
</html>
