Component: ARM Compiler 5.05 update 2 (build 169) Tool: armlink [4d0f33]

==============================================================================

Section Cross References

    stm32f10x_it.o(i.ETH_IRQHandler) refers to netconf.o(i.LwIP_Pkt_Handle) for LwIP_Pkt_Handle
    stm32f10x_it.o(i.ETH_IRQHandler) refers to stm32_eth.o(i.ETH_GetRxPktSize) for ETH_GetRxPktSize
    stm32f10x_it.o(i.ETH_IRQHandler) refers to stm32_eth.o(i.ETH_DMAClearITPendingBit) for ETH_DMAClearITPendingBit
    stm32f10x_it.o(i.SysTick_Handler) refers to main.o(i.Time_Update) for Time_Update
    main.o(i.Delay) refers to main.o(.data) for LocalTime
    main.o(i.System_Periodic_Handle) refers to netconf.o(i.LwIP_Periodic_Handle) for LwIP_Periodic_Handle
    main.o(i.System_Periodic_Handle) refers to main.o(.data) for LocalTime
    main.o(i.Time_Update) refers to main.o(.data) for LocalTime
    main.o(i.flashCheckOut) refers to drvflash.o(i.Flash_ReadSomeByte) for Flash_ReadSomeByte
    main.o(i.fputc) refers to stm32f10x_usart.o(i.USART_SendData) for USART_SendData
    main.o(i.fputc) refers to stm32f10x_usart.o(i.USART_GetFlagStatus) for USART_GetFlagStatus
    main.o(i.main) refers to stm32f107.o(i.System_Setup) for System_Setup
    main.o(i.main) refers to stm32f107.o(i.syncIpInfo) for syncIpInfo
    main.o(i.main) refers to main.o(i.printf_version) for printf_version
    main.o(i.main) refers to netconf.o(i.LwIP_Init) for LwIP_Init
    main.o(i.main) refers to tcpserver.o(i.Tcp_Server_Init) for Tcp_Server_Init
    main.o(i.main) refers to main.o(i.System_Periodic_Handle) for System_Periodic_Handle
    main.o(i.main) refers to drvflash.o(i.Flash_ReadSR) for Flash_ReadSR
    main.o(i.main) refers to main.o(i.flashCheckOut) for flashCheckOut
    main.o(i.main) refers to tcpserver.o(i.check_sum) for check_sum
    main.o(i.main) refers to tcp_out.o(i.tcp_write) for tcp_write
    main.o(i.main) refers to netconf.o(.data) for netCfgInfo
    main.o(i.main) refers to flash.o(.bss) for ipInfoFlash
    main.o(i.main) refers to main.o(.data) for earseFlag
    main.o(i.main) refers to tcpserver.o(.bss) for commonRsp
    main.o(i.main) refers to tcpserver.o(.data) for earsePcb
    main.o(i.printf_version) refers to printf8.o(i.__0printf$8) for __2printf
    stm32f107.o(i.ETH_Reinit) refers to stm32_eth.o(i.ETH_StructInit) for ETH_StructInit
    stm32f107.o(i.ETH_Reinit) refers to stm32_eth.o(i.ETH_Init) for ETH_Init
    stm32f107.o(i.ETH_Reinit) refers to netconf.o(.data) for EthInitStatus
    stm32f107.o(i.Ethernet_Configuration) refers to stm32f10x_gpio.o(i.GPIO_ETH_MediaInterfaceConfig) for GPIO_ETH_MediaInterfaceConfig
    stm32f107.o(i.Ethernet_Configuration) refers to stm32f10x_rcc.o(i.RCC_MCOConfig) for RCC_MCOConfig
    stm32f107.o(i.Ethernet_Configuration) refers to stm32_eth.o(i.ETH_DeInit) for ETH_DeInit
    stm32f107.o(i.Ethernet_Configuration) refers to stm32_eth.o(i.ETH_SoftwareReset) for ETH_SoftwareReset
    stm32f107.o(i.Ethernet_Configuration) refers to stm32_eth.o(i.ETH_GetSoftwareResetStatus) for ETH_GetSoftwareResetStatus
    stm32f107.o(i.Ethernet_Configuration) refers to stm32f107.o(i.ETH_Reinit) for ETH_Reinit
    stm32f107.o(i.Ethernet_Configuration) refers to stm32_eth.o(i.ETH_DMAITConfig) for ETH_DMAITConfig
    stm32f107.o(i.GPIO_Configuration) refers to stm32f10x_gpio.o(i.GPIO_Init) for GPIO_Init
    stm32f107.o(i.GPIO_Configuration) refers to stm32f10x_gpio.o(i.GPIO_PinRemapConfig) for GPIO_PinRemapConfig
    stm32f107.o(i.NVIC_Configuration) refers to misc.o(i.NVIC_SetVectorTable) for NVIC_SetVectorTable
    stm32f107.o(i.NVIC_Configuration) refers to misc.o(i.NVIC_PriorityGroupConfig) for NVIC_PriorityGroupConfig
    stm32f107.o(i.NVIC_Configuration) refers to misc.o(i.NVIC_Init) for NVIC_Init
    stm32f107.o(i.SPI_ReadByte) refers to stm32f10x_gpio.o(i.GPIO_ResetBits) for GPIO_ResetBits
    stm32f107.o(i.SPI_ReadByte) refers to stm32f10x_gpio.o(i.GPIO_ReadInputDataBit) for GPIO_ReadInputDataBit
    stm32f107.o(i.SPI_ReadByte) refers to stm32f10x_gpio.o(i.GPIO_SetBits) for GPIO_SetBits
    stm32f107.o(i.SPI_WriteByte) refers to stm32f10x_gpio.o(i.GPIO_SetBits) for GPIO_SetBits
    stm32f107.o(i.SPI_WriteByte) refers to stm32f10x_gpio.o(i.GPIO_ResetBits) for GPIO_ResetBits
    stm32f107.o(i.SPI_softInit) refers to stm32f10x_gpio.o(i.GPIO_SetBits) for GPIO_SetBits
    stm32f107.o(i.SPI_softInit) refers to stm32f10x_gpio.o(i.GPIO_ResetBits) for GPIO_ResetBits
    stm32f107.o(i.System_Setup) refers to system_stm32f10x.o(i.SystemInit) for SystemInit
    stm32f107.o(i.System_Setup) refers to stm32f10x_rcc.o(i.RCC_GetClocksFreq) for RCC_GetClocksFreq
    stm32f107.o(i.System_Setup) refers to stm32f107.o(i.NVIC_SetPriority) for NVIC_SetPriority
    stm32f107.o(i.System_Setup) refers to stm32f10x_rcc.o(i.RCC_AHBPeriphClockCmd) for RCC_AHBPeriphClockCmd
    stm32f107.o(i.System_Setup) refers to stm32f10x_rcc.o(i.RCC_APB2PeriphClockCmd) for RCC_APB2PeriphClockCmd
[...]
    i.netif_is_up                            0x08004550   Section        0  netif.o(i.netif_is_up)
    i.netif_set_addr                         0x0800455c   Section        0  netif.o(i.netif_set_addr)
    i.netif_set_default                      0x08004584   Section        0  netif.o(i.netif_set_default)
    i.netif_set_gw                           0x08004590   Section        0  netif.o(i.netif_set_gw)
    i.netif_set_ipaddr                       0x0800459c   Section        0  netif.o(i.netif_set_ipaddr)
    i.netif_set_link_down                    0x08004614   Section        0  netif.o(i.netif_set_link_down)
    i.netif_set_link_up                      0x08004630   Section        0  netif.o(i.netif_set_link_up)
    i.netif_set_netmask                      0x0800465c   Section        0  netif.o(i.netif_set_netmask)
    i.netif_set_up                           0x08004668   Section        0  netif.o(i.netif_set_up)
    i.ntohl                                  0x080046a0   Section        0  inet.o(i.ntohl)
    i.ntohs                                  0x080046ac   Section        0  inet.o(i.ntohs)
    i.pbuf_alloc                             0x080046b8   Section        0  pbuf.o(i.pbuf_alloc)
    i.pbuf_cat                               0x080048d6   Section        0  pbuf.o(i.pbuf_cat)
    i.pbuf_chain                             0x08004926   Section        0  pbuf.o(i.pbuf_chain)
    i.pbuf_clen                              0x0800493c   Section        0  pbuf.o(i.pbuf_clen)
    i.pbuf_copy                              0x0800494e   Section        0  pbuf.o(i.pbuf_copy)
    i.pbuf_copy_partial                      0x08004a2a   Section        0  pbuf.o(i.pbuf_copy_partial)
    i.pbuf_free                              0x08004ac4   Section        0  pbuf.o(i.pbuf_free)
    i.pbuf_header                            0x08004b5c   Section        0  pbuf.o(i.pbuf_header)
    i.pbuf_realloc                           0x08004be8   Section        0  pbuf.o(i.pbuf_realloc)
    i.pbuf_ref                               0x08004c98   Section        0  pbuf.o(i.pbuf_ref)
    i.plug_holes                             0x08004ca4   Section        0  mem.o(i.plug_holes)
    plug_holes                               0x08004ca5   Thumb Code   168  mem.o(i.plug_holes)
    i.portSet                                0x08004d58   Section        0  tcpserver.o(i.portSet)
    i.printf_version                         0x08004d84   Section        0  main.o(i.printf_version)
    i.raw_input                              0x08004dd4   Section        0  raw.o(i.raw_input)
    i.readCntInfo                            0x08004e3c   Section        0  flash.o(i.readCntInfo)
    i.readIpInfo                             0x08004e48   Section        0  flash.o(i.readIpInfo)
    i.setAddressLine                         0x08004eb4   Section        0  tcpserver.o(i.setAddressLine)
    i.setDataLine                            0x08004ef4   Section        0  tcpserver.o(i.setDataLine)
    i.setDefaultIpInfo                       0x08004f34   Section        0  stm32f107.o(i.setDefaultIpInfo)
    i.syncIpInfo                             0x08004f80   Section        0  stm32f107.o(i.syncIpInfo)
    i.tcp_abandon                            0x08005008   Section        0  tcp.o(i.tcp_abandon)
    i.tcp_accept                             0x080050a4   Section        0  tcp.o(i.tcp_accept)
    i.tcp_accept_null                        0x080050a8   Section        0  tcp.o(i.tcp_accept_null)
    tcp_accept_null                          0x080050a9   Thumb Code     8  tcp.o(i.tcp_accept_null)
    i.tcp_alloc                              0x080050b0   Section        0  tcp.o(i.tcp_alloc)
    i.tcp_arg                                0x0800516c   Section        0  tcp.o(i.tcp_arg)
    i.tcp_bind                               0x08005170   Section        0  tcp.o(i.tcp_bind)
    i.tcp_close                              0x08005268   Section        0  tcp.o(i.tcp_close)
    i.tcp_eff_send_mss                       0x0800536c   Section        0  tcp.o(i.tcp_eff_send_mss)
    i.tcp_enqueue                            0x0800539a   Section        0  tcp_out.o(i.tcp_enqueue)
    i.tcp_err                                0x080057c6   Section        0  tcp.o(i.tcp_err)
    i.tcp_fasttmr                            0x080057cc   Section        0  tcp.o(i.tcp_fasttmr)
    i.tcp_input                              0x08005840   Section        0  tcp_in.o(i.tcp_input)
    i.tcp_keepalive                          0x08005d08   Section        0  tcp_out.o(i.tcp_keepalive)
    i.tcp_kill_prio                          0x08005d78   Section        0  tcp.o(i.tcp_kill_prio)
    tcp_kill_prio                            0x08005d79   Thumb Code    78  tcp.o(i.tcp_kill_prio)
    i.tcp_kill_timewait                      0x08005dd0   Section        0  tcp.o(i.tcp_kill_timewait)
    tcp_kill_timewait                        0x08005dd1   Thumb Code    52  tcp.o(i.tcp_kill_timewait)
    i.tcp_listen_input                       0x08005e0c   Section        0  tcp_in.o(i.tcp_listen_input)
    tcp_listen_input                         0x08005e0d   Thumb Code   278  tcp_in.o(i.tcp_listen_input)
    i.tcp_listen_with_backlog                0x08005f40   Section        0  tcp.o(i.tcp_listen_with_backlog)
    i.tcp_new                                0x0800601c   Section        0  tcp.o(i.tcp_new)
    i.tcp_new_port                           0x08006028   Section        0  tcp.o(i.tcp_new_port)
    tcp_new_port                             0x08006029   Thumb Code   104  tcp.o(i.tcp_new_port)
    i.tcp_next_iss                           0x080060a0   Section        0  tcp.o(i.tcp_next_iss)
    i.tcp_output                             0x080060bc   Section        0  tcp_out.o(i.tcp_output)
    i.tcp_output_segment                     0x08006344   Section        0  tcp_out.o(i.tcp_output_segment)
    tcp_output_segment                       0x08006345   Thumb Code   216  tcp_out.o(i.tcp_output_segment)
    i.tcp_output_set_header                  0x08006424   Section        0  tcp_out.o(i.tcp_output_set_header)
    tcp_output_set_header                    0x08006425   Thumb Code   132  tcp_out.o(i.tcp_output_set_header)
    i.tcp_parseopt                           0x080064a8   Section        0  tcp_in.o(i.tcp_parseopt)
    tcp_parseopt                             0x080064a9   Thumb Code   178  tcp_in.o(i.tcp_parseopt)
    i.tcp_pcb_purge                          0x08006560   Section        0  tcp.o(i.tcp_pcb_purge)
    i.tcp_pcb_remove                         0x08006598   Section        0  tcp.o(i.tcp_pcb_remove)
    i.tcp_poll                               0x08006648   Section        0  tcp.o(i.tcp_poll)
    i.tcp_process                            0x08006654   Section        0  tcp_in.o(i.tcp_process)
    tcp_process                              0x08006655   Thumb Code  1426  tcp_in.o(i.tcp_process)
    i.tcp_receive                            0x08006c00   Section        0  tcp_in.o(i.tcp_receive)
    tcp_receive                              0x08006c01   Thumb Code  1772  tcp_in.o(i.tcp_receive)
    i.tcp_recv                               0x08007300   Section        0  tcp.o(i.tcp_recv)
    i.tcp_recv_null                          0x08007306   Section        0  tcp.o(i.tcp_recv_null)
    tcp_recv_null                            0x08007307   Thumb Code    40  tcp.o(i.tcp_recv_null)
    i.tcp_recved                             0x0800732e   Section        0  tcp.o(i.tcp_recved)
    i.tcp_rexmit                             0x08007384   Section        0  tcp_out.o(i.tcp_rexmit)
    i.tcp_rexmit_rto                         0x080073da   Section        0  tcp_out.o(i.tcp_rexmit_rto)
    i.tcp_rst                                0x08007414   Section        0  tcp_out.o(i.tcp_rst)
    i.tcp_seg_free                           0x080074d4   Section        0  tcp.o(i.tcp_seg_free)
    i.tcp_segs_free                          0x080074f4   Section        0  tcp.o(i.tcp_segs_free)
    i.tcp_send_ctrl                          0x08007512   Section        0  tcp_out.o(i.tcp_send_ctrl)
    i.tcp_sent                               0x0800752e   Section        0  tcp.o(i.tcp_sent)
    i.tcp_server_accept                      0x08007534   Section        0  tcpserver.o(i.tcp_server_accept)
    tcp_server_accept                        0x08007535   Thumb Code   104  tcpserver.o(i.tcp_server_accept)
    i.tcp_server_connection_close            0x080075ac   Section        0  tcpserver.o(i.tcp_server_connection_close)
    tcp_server_connection_close              0x080075ad   Thumb Code    66  tcpserver.o(i.tcp_server_connection_close)
    i.tcp_server_deal                        0x080075f0   Section        0  tcpserver.o(i.tcp_server_deal)
    tcp_server_deal                          0x080075f1   Thumb Code   104  tcpserver.o(i.tcp_server_deal)
    i.tcp_server_error                       0x0800765c   Section        0  tcpserver.o(i.tcp_server_error)
    tcp_server_error                         0x0800765d   Thumb Code    18  tcpserver.o(i.tcp_server_error)
    i.tcp_server_poll                        0x08007670   Section        0  tcpserver.o(i.tcp_server_poll)
    tcp_server_poll                          0x08007671   Thumb Code    70  tcpserver.o(i.tcp_server_poll)
    i.tcp_server_receive                     0x080076bc   Section        0  tcpserver.o(i.tcp_server_receive)
    tcp_server_receive                       0x080076bd   Thumb Code   196  tcpserver.o(i.tcp_server_receive)
    i.tcp_server_sent                        0x08007784   Section        0  tcpserver.o(i.tcp_server_sent)
    tcp_server_sent                          0x08007785   Thumb Code    54  tcpserver.o(i.tcp_server_sent)
    i.tcp_setprio                            0x080077c0   Section        0  tcp.o(i.tcp_setprio)
    i.tcp_slowtmr                            0x080077c4   Section        0  tcp.o(i.tcp_slowtmr)
    i.tcp_timewait_input                     0x08007ad4   Section        0  tcp_in.o(i.tcp_timewait_input)
    tcp_timewait_input                       0x08007ad5   Thumb Code    72  tcp_in.o(i.tcp_timewait_input)
    i.tcp_tmr                                0x08007b24   Section        0  tcp.o(i.tcp_tmr)
    i.tcp_update_rcv_ann_wnd                 0x08007b48   Section        0  tcp.o(i.tcp_update_rcv_ann_wnd)
    i.tcp_write                              0x08007b80   Section        0  tcp_out.o(i.tcp_write)
    i.tcp_zero_window_probe                  0x08007bc8   Section        0  tcp_out.o(i.tcp_zero_window_probe)
    i.udp_input                              0x08007c40   Section        0  udp.o(i.udp_input)
    i.update_arp_entry                       0x08007e00   Section        0  etharp.o(i.update_arp_entry)
    update_arp_entry                         0x08007e01   Thumb Code   244  etharp.o(i.update_arp_entry)
    i.writeCntInfo                           0x08007ef8   Section        0  flash.o(i.writeCntInfo)
    i.writeIpInfo                            0x08007f20   Section        0  flash.o(i.writeIpInfo)
    .constdata                               0x08007f64   Section       20  netconf.o(.constdata)
    .constdata                               0x08007f78   Section       32  tcpserver.o(.constdata)
    .constdata                               0x08007f98   Section       68  stm32_eval.o(.constdata)
    .constdata                               0x08007fdc   Section       20  tcp.o(.constdata)
    .constdata                               0x08007ff0   Section       36  memp.o(.constdata)
    memp_sizes                               0x08007ff0   Data          18  memp.o(.constdata)
    memp_num                                 0x08008002   Data          18  memp.o(.constdata)
    .constdata                               0x08008014   Section        8  ip_addr.o(.constdata)
    .constdata                               0x0800801c   Section       12  etharp.o(.constdata)
    .data                                    0x20000000   Section       12  main.o(.data)
    .data                                    0x2000000c   Section       48  netconf.o(.data)
    IPaddress                                0x2000001c   Data           4  netconf.o(.data)
    .data                                    0x2000003c   Section       25  tcpserver.o(.data)
    tcp_server_pcb                           0x2000003c   Data           4  tcpserver.o(.data)
    .data                                    0x20000055   Section       20  stm32f10x_rcc.o(.data)
    APBAHBPrescTable                         0x20000055   Data          16  stm32f10x_rcc.o(.data)
    ADCPrescTable                            0x20000065   Data           4  stm32f10x_rcc.o(.data)
    .data                                    0x2000006c   Section       16  stm32_eth.o(.data)
    .data                                    0x2000007c   Section       28  stm32_eval.o(.data)
    .data                                    0x20000098   Section       32  tcp.o(.data)
    tcp_timer                                0x200000b0   Data           1  tcp.o(.data)
    port                                     0x200000b2   Data           2  tcp.o(.data)
    iss                                      0x200000b4   Data           4  tcp.o(.data)
    .data                                    0x200000b8   Section       32  tcp_in.o(.data)
    tcphdr                                   0x200000b8   Data           4  tcp_in.o(.data)
    iphdr                                    0x200000bc   Data           4  tcp_in.o(.data)
    seqno                                    0x200000c0   Data           4  tcp_in.o(.data)
    ackno                                    0x200000c4   Data           4  tcp_in.o(.data)
    flags                                    0x200000c8   Data           1  tcp_in.o(.data)
    tcplen                                   0x200000ca   Data           2  tcp_in.o(.data)
    recv_flags                               0x200000cc   Data           1  tcp_in.o(.data)
    recv_data                                0x200000d0   Data           4  tcp_in.o(.data)
    .data                                    0x200000d8   Section        4  udp.o(.data)
    .data                                    0x200000dc   Section       13  mem.o(.data)
    ram                                      0x200000dc   Data           4  mem.o(.data)
    ram_end                                  0x200000e0   Data           4  mem.o(.data)
    lfree                                    0x200000e4   Data           4  mem.o(.data)
    mem_sem                                  0x200000e8   Data           1  mem.o(.data)
    .data                                    0x200000ec   Section        9  netif.o(.data)
    netifnum                                 0x200000f4   Data           1  netif.o(.data)
    .data                                    0x200000f8   Section        4  raw.o(.data)
    raw_pcbs                                 0x200000f8   Data           4  raw.o(.data)
    .data                                    0x200000fc   Section       10  ip.o(.data)
    current_netif                            0x200000fc   Data           4  ip.o(.data)
    current_header                           0x20000100   Data           4  ip.o(.data)
    ip_id                                    0x20000104   Data           2  ip.o(.data)
    .data                                    0x20000108   Section        6  ip_frag.o(.data)
    reassdatagrams                           0x20000108   Data           4  ip_frag.o(.data)
    ip_reass_pbufcount                       0x2000010c   Data           2  ip_frag.o(.data)
    .data                                    0x2000010e   Section        1  etharp.o(.data)
    etharp_cached_entry                      0x2000010e   Data           1  etharp.o(.data)
    .data                                    0x20000110   Section        4  stdout.o(.data)
    .bss                                     0x20000114   Section       52  netconf.o(.bss)
    .bss                                     0x20000148   Section     3252  tcpserver.o(.bss)
    .bss                                     0x20000dfc   Section      112  flash.o(.bss)
    .bss                                     0x20000e6c   Section     9216  ethernetif.o(.bss)
    .bss                                     0x2000326c   Section       20  tcp_in.o(.bss)
    inseg                                    0x2000326c   Data          20  tcp_in.o(.bss)
    .bss                                     0x20003280   Section    20500  mem.o(.bss)
    ram_heap                                 0x20003280   Data       20500  mem.o(.bss)
    .bss                                     0x20008294   Section    18175  memp.o(.bss)
    memp_tab                                 0x20008294   Data          36  memp.o(.bss)
    memp_memory                              0x200082b8   Data       18139  memp.o(.bss)
    .bss                                     0x2000c993   Section     1504  ip_frag.o(.bss)
    buf                                      0x2000c993   Data        1504  ip_frag.o(.bss)
    .bss                                     0x2000cf74   Section      200  etharp.o(.bss)
    arp_table                                0x2000cf74   Data         200  etharp.o(.bss)
    STACK                                    0x2000d040   Section     1024  startup_stm32f10x_cl.o(STACK)

    Global Symbols

    Symbol Name                              Value     Ov Type        Size  Object(Section)

    BuildAttributes$$THM_ISAv4$P$D$K$B$S$PE$A:L22UL41UL21$X:L11$S22US41US21$IEEE1$IW$USESV6$~STKCKD$USESV7$~SHL$OSPACE$ROPI$EBA8$MICROLIB$REQ8$PRES8$EABIv2 0x00000000   Number         0  anon$$obj.o ABSOLUTE
    __ARM_use_no_argv                        0x00000000   Number         0  main.o ABSOLUTE
    _printf_a                                0x00000000   Number         0  stubs.o ABSOLUTE
    _printf_c                                0x00000000   Number         0  stubs.o ABSOLUTE
    _printf_charcount                        0x00000000   Number         0  stubs.o ABSOLUTE
    _printf_d                                0x00000000   Number         0  stubs.o ABSOLUTE
    _printf_e                                0x00000000   Number         0  stubs.o ABSOLUTE
    _printf_f                                0x00000000   Number         0  stubs.o ABSOLUTE
    _printf_flags                            0x00000000   Number         0  stubs.o ABSOLUTE
    _printf_fp_dec                           0x00000000   Number         0  stubs.o ABSOLUTE
    _printf_fp_hex                           0x00000000   Number         0  stubs.o ABSOLUTE
    _printf_g                                0x00000000   Number         0  stubs.o ABSOLUTE
    _printf_i                                0x00000000   Number         0  stubs.o ABSOLUTE
    _printf_int_dec                          0x00000000   Number         0  stubs.o ABSOLUTE
    _printf_l                                0x00000000   Number         0  stubs.o ABSOLUTE
    _printf_lc                               0x00000000   Number         0  stubs.o ABSOLUTE
    _printf_ll                               0x00000000   Number         0  stubs.o ABSOLUTE
    _printf_lld                              0x00000000   Number         0  stubs.o ABSOLUTE
    _printf_lli                              0x00000000   Number         0  stubs.o ABSOLUTE
    _printf_llo                              0x00000000   Number         0  stubs.o ABSOLUTE
    _printf_llu                              0x00000000   Number         0  stubs.o ABSOLUTE
    _printf_llx                              0x00000000   Number         0  stubs.o ABSOLUTE
    _printf_longlong_dec                     0x00000000   Number         0  stubs.o ABSOLUTE
    _printf_longlong_hex                     0x00000000   Number         0  stubs.o ABSOLUTE
    _printf_longlong_oct                     0x00000000   Number         0  stubs.o ABSOLUTE
    _printf_ls                               0x00000000   Number         0  stubs.o ABSOLUTE
    _printf_mbtowc                           0x00000000   Number         0  stubs.o ABSOLUTE
    _printf_n                                0x00000000   Number         0  stubs.o ABSOLUTE
    _printf_o                                0x00000000   Number         0  stubs.o ABSOLUTE
    _printf_p                                0x00000000   Number         0  stubs.o ABSOLUTE
    _printf_percent                          0x00000000   Number         0  stubs.o ABSOLUTE
    _printf_pre_padding                      0x00000000   Number         0  stubs.o ABSOLUTE
    _printf_return_value                     0x00000000   Number         0  stubs.o ABSOLUTE
    _printf_s                                0x00000000   Number         0  stubs.o ABSOLUTE
    _printf_sizespec                         0x00000000   Number         0  stubs.o ABSOLUTE
    _printf_str                              0x00000000   Number         0  stubs.o ABSOLUTE
    _printf_truncate_signed                  0x00000000   Number         0  stubs.o ABSOLUTE
    _printf_truncate_unsigned                0x00000000   Number         0  stubs.o ABSOLUTE
    _printf_u                                0x00000000   Number         0  stubs.o ABSOLUTE
    _printf_wc                               0x00000000   Number         0  stubs.o ABSOLUTE
    _printf_wctomb                           0x00000000   Number         0  stubs.o ABSOLUTE
    _printf_widthprec                        0x00000000   Number         0  stubs.o ABSOLUTE
    _printf_x                                0x00000000   Number         0  stubs.o ABSOLUTE
    __cpp_initialize__aeabi_                  - Undefined Weak Reference
    __cxa_finalize                            - Undefined Weak Reference
    __decompress                              - Undefined Weak Reference
    _clock_init                               - Undefined Weak Reference
    _microlib_exit                            - Undefined Weak Reference
    __Vectors_Size                           0x00000150   Number         0  startup_stm32f10x_cl.o ABSOLUTE
    __Vectors                                0x08000000   Data           4  startup_stm32f10x_cl.o(RESET)
    __Vectors_End                            0x08000150   Data           0  startup_stm32f10x_cl.o(RESET)
    __main                                   0x08000151   Thumb Code     0  entry.o(.ARM.Collect$$$$00000000)
    _main_stk                                0x08000151   Thumb Code     0  entry2.o(.ARM.Collect$$$$00000001)
    _main_scatterload                        0x08000155   Thumb Code     0  entry5.o(.ARM.Collect$$$$00000004)
    __main_after_scatterload                 0x08000159   Thumb Code     0  entry5.o(.ARM.Collect$$$$00000004)
    _main_clock                              0x08000159   Thumb Code     0  entry7b.o(.ARM.Collect$$$$00000008)
    _main_cpp_init                           0x08000159   Thumb Code     0  entry8b.o(.ARM.Collect$$$$0000000A)
    _main_init                               0x08000159   Thumb Code     0  entry9a.o(.ARM.Collect$$$$0000000B)
    __rt_final_cpp                           0x08000161   Thumb Code     0  entry10a.o(.ARM.Collect$$$$0000000D)
    __rt_final_exit                          0x08000161   Thumb Code     0  entry11a.o(.ARM.Collect$$$$0000000F)
    Reset_Handler                            0x08000165   Thumb Code     4  startup_stm32f10x_cl.o(.text)
    ADC1_2_IRQHandler                        0x0800017b   Thumb Code     0  startup_stm32f10x_cl.o(.text)
    CAN1_RX0_IRQHandler                      0x0800017b   Thumb Code     0  startup_stm32f10x_cl.o(.text)
    CAN1_RX1_IRQHandler                      0x0800017b   Thumb Code     0  startup_stm32f10x_cl.o(.text)
    CAN1_SCE_IRQHandler                      0x0800017b   Thumb Code     0  startup_stm32f10x_cl.o(.text)
    CAN1_TX_IRQHandler                       0x0800017b   Thumb Code     0  startup_stm32f10x_cl.o(.text)
    CAN2_RX0_IRQHandler                      0x0800017b   Thumb Code     0  startup_stm32f10x_cl.o(.text)
    CAN2_RX1_IRQHandler                      0x0800017b   Thumb Code     0  startup_stm32f10x_cl.o(.text)
    CAN2_SCE_IRQHandler                      0x0800017b   Thumb Code     0  startup_stm32f10x_cl.o(.text)
    CAN2_TX_IRQHandler                       0x0800017b   Thumb Code     0  startup_stm32f10x_cl.o(.text)
    DMA1_Channel1_IRQHandler                 0x0800017b   Thumb Code     0  startup_stm32f10x_cl.o(.text)
    DMA1_Channel2_IRQHandler                 0x0800017b   Thumb Code     0  startup_stm32f10x_cl.o(.text)
    DMA1_Channel3_IRQHandler                 0x0800017b   Thumb Code     0  startup_stm32f10x_cl.o(.text)
    DMA1_Channel4_IRQHandler                 0x0800017b   Thumb Code     0  startup_stm32f10x_cl.o(.text)
    DMA1_Channel5_IRQHandler                 0x0800017b   Thumb Code     0  startup_stm32f10x_cl.o(.text)
    DMA1_Channel6_IRQHandler                 0x0800017b   Thumb Code     0  startup_stm32f10x_cl.o(.text)
    DMA1_Channel7_IRQHandler                 0x0800017b   Thumb Code     0  startup_stm32f10x_cl.o(.text)
    DMA2_Channel1_IRQHandler                 0x0800017b   Thumb Code     0  startup_stm32f10x_cl.o(.text)
    DMA2_Channel2_IRQHandler                 0x0800017b   Thumb Code     0  startup_stm32f10x_cl.o(.text)
    DMA2_Channel3_IRQHandler                 0x0800017b   Thumb Code     0  startup_stm32f10x_cl.o(.text)
    DMA2_Channel4_IRQHandler                 0x0800017b   Thumb Code     0  startup_stm32f10x_cl.o(.text)
    DMA2_Channel5_IRQHandler                 0x0800017b   Thumb Code     0  startup_stm32f10x_cl.o(.text)
    ETH_WKUP_IRQHandler                      0x0800017b   Thumb Code     0  startup_stm32f10x_cl.o(.text)
    EXTI0_IRQHandler                         0x0800017b   Thumb Code     0  startup_stm32f10x_cl.o(.text)
    EXTI15_10_IRQHandler                     0x0800017b   Thumb Code     0  startup_stm32f10x_cl.o(.text)
    EXTI1_IRQHandler                         0x0800017b   Thumb Code     0  startup_stm32f10x_cl.o(.text)
    EXTI2_IRQHandler                         0x0800017b   Thumb Code     0  startup_stm32f10x_cl.o(.text)
    EXTI3_IRQHandler                         0x0800017b   Thumb Code     0  startup_stm32f10x_cl.o(.text)
    EXTI4_IRQHandler                         0x0800017b   Thumb Code     0  startup_stm32f10x_cl.o(.text)
    EXTI9_5_IRQHandler                       0x0800017b   Thumb Code     0  startup_stm32f10x_cl.o(.text)
    FLASH_IRQHandler                         0x0800017b   Thumb Code     0  startup_stm32f10x_cl.o(.text)
    I2C1_ER_IRQHandler                       0x0800017b   Thumb Code     0  startup_stm32f10x_cl.o(.text)
    I2C1_EV_IRQHandler                       0x0800017b   Thumb Code     0  startup_stm32f10x_cl.o(.text)
    I2C2_ER_IRQHandler                       0x0800017b   Thumb Code     0  startup_stm32f10x_cl.o(.text)
    I2C2_EV_IRQHandler                       0x0800017b   Thumb Code     0  startup_stm32f10x_cl.o(.text)
    OTG_FS_IRQHandler                        0x0800017b   Thumb Code     0  startup_stm32f10x_cl.o(.text)
    OTG_FS_WKUP_IRQHandler                   0x0800017b   Thumb Code     0  startup_stm32f10x_cl.o(.text)
    PVD_IRQHandler                           0x0800017b   Thumb Code     0  startup_stm32f10x_cl.o(.text)
    RCC_IRQHandler                           0x0800017b   Thumb Code     0  startup_stm32f10x_cl.o(.text)
    RTCAlarm_IRQHandler                      0x0800017b   Thumb Code     0  startup_stm32f10x_cl.o(.text)
    RTC_IRQHandler                           0x0800017b   Thumb Code     0  startup_stm32f10x_cl.o(.text)
    SPI1_IRQHandler                          0x0800017b   Thumb Code     0  startup_stm32f10x_cl.o(.text)
    SPI2_IRQHandler                          0x0800017b   Thumb Code     0  startup_stm32f10x_cl.o(.text)
    SPI3_IRQHandler                          0x0800017b   Thumb Code     0  startup_stm32f10x_cl.o(.text)
    TAMPER_IRQHandler                        0x0800017b   Thumb Code     0  startup_stm32f10x_cl.o(.text)
    TIM1_BRK_IRQHandler                      0x0800017b   Thumb Code     0  startup_stm32f10x_cl.o(.text)
    TIM1_CC_IRQHandler                       0x0800017b   Thumb Code     0  startup_stm32f10x_cl.o(.text)
    TIM1_TRG_COM_IRQHandler                  0x0800017b   Thumb Code     0  startup_stm32f10x_cl.o(.text)
    TIM1_UP_IRQHandler                       0x0800017b   Thumb Code     0  startup_stm32f10x_cl.o(.text)
    TIM2_IRQHandler                          0x0800017b   Thumb Code     0  startup_stm32f10x_cl.o(.text)
    TIM3_IRQHandler                          0x0800017b   Thumb Code     0  startup_stm32f10x_cl.o(.text)
    TIM4_IRQHandler                          0x0800017b   Thumb Code     0  startup_stm32f10x_cl.o(.text)
    TIM5_IRQHandler                          0x0800017b   Thumb Code     0  startup_stm32f10x_cl.o(.text)
    TIM6_IRQHandler                          0x0800017b   Thumb Code     0  startup_stm32f10x_cl.o(.text)
    TIM7_IRQHandler                          0x0800017b   Thumb Code     0  startup_stm32f10x_cl.o(.text)
    UART4_IRQHandler                         0x0800017b   Thumb Code     0  startup_stm32f10x_cl.o(.text)
    UART5_IRQHandler                         0x0800017b   Thumb Code     0  startup_stm32f10x_cl.o(.text)
    USART1_IRQHandler                        0x0800017b   Thumb Code     0  startup_stm32f10x_cl.o(.text)
    USART2_IRQHandler                        0x0800017b   Thumb Code     0  startup_stm32f10x_cl.o(.text)
    WWDG_IRQHandler                          0x0800017b   Thumb Code     0  startup_stm32f10x_cl.o(.text)
    __aeabi_memcpy                           0x08000181   Thumb Code    36  memcpya.o(.text)
    __aeabi_memcpy4                          0x08000181   Thumb Code     0  memcpya.o(.text)
    __aeabi_memcpy8                          0x08000181   Thumb Code     0  memcpya.o(.text)
    __aeabi_memset                           0x080001a5   Thumb Code    14  memseta.o(.text)
    __aeabi_memset4                          0x080001a5   Thumb Code     0  memseta.o(.text)
    __aeabi_memset8                          0x080001a5   Thumb Code     0  memseta.o(.text)
    __aeabi_memclr                           0x080001b3   Thumb Code     4  memseta.o(.text)
    __aeabi_memclr4                          0x080001b3   Thumb Code     0  memseta.o(.text)
    __aeabi_memclr8                          0x080001b3   Thumb Code     0  memseta.o(.text)
    _memset$wrapper                          0x080001b7   Thumb Code    18  memseta.o(.text)
    __aeabi_uldivmod                         0x080001c9   Thumb Code    98  uldiv.o(.text)
    __scatterload                            0x0800022d   Thumb Code    28  init.o(.text)
    __scatterload_rt2                        0x0800022d   Thumb Code     0  init.o(.text)
    __aeabi_llsl                             0x08000251   Thumb Code    30  llshl.o(.text)
    _ll_shift_l                              0x08000251   Thumb Code     0  llshl.o(.text)
    __aeabi_llsr                             0x0800026f   Thumb Code    32  llushr.o(.text)
    _ll_ushift_r                             0x0800026f   Thumb Code     0  llushr.o(.text)
    BusFault_Handler                         0x0800029f   Thumb Code     4  stm32f10x_it.o(i.BusFault_Handler)
    DebugMon_Handler                         0x080002a3   Thumb Code     2  stm32f10x_it.o(i.DebugMon_Handler)
    Delay                                    0x080002a5   Thumb Code    26  main.o(i.Delay)
    ETH_DMAClearITPendingBit                 0x080002c9   Thumb Code     6  stm32_eth.o(i.ETH_DMAClearITPendingBit)
    ETH_DMAITConfig                          0x080002d5   Thumb Code    26  stm32_eth.o(i.ETH_DMAITConfig)
    ETH_DMAReceptionCmd                      0x080002f5   Thumb Code    30  stm32_eth.o(i.ETH_DMAReceptionCmd)
    ETH_DMARxDescChainInit                   0x08000319   Thumb Code    76  stm32_eth.o(i.ETH_DMARxDescChainInit)
    ETH_DMARxDescReceiveITConfig             0x0800036d   Thumb Code    22  stm32_eth.o(i.ETH_DMARxDescReceiveITConfig)
    ETH_DMATransmissionCmd                   0x08000385   Thumb Code    30  stm32_eth.o(i.ETH_DMATransmissionCmd)
    ETH_DMATxDescChainInit                   0x080003a9   Thumb Code    70  stm32_eth.o(i.ETH_DMATxDescChainInit)
    ETH_DeInit                               0x080003f9   Thumb Code    22  stm32_eth.o(i.ETH_DeInit)
    ETH_FlushTransmitFIFO                    0x0800042d   Thumb Code    14  stm32_eth.o(i.ETH_FlushTransmitFIFO)
    ETH_GetCurrentTxBuffer                   0x08000441   Thumb Code     8  ethernetif.o(i.ETH_GetCurrentTxBuffer)
    ETH_GetDMARxDescFrameLength              0x0800044d   Thumb Code    10  stm32_eth.o(i.ETH_GetDMARxDescFrameLength)
    ETH_GetRxPktSize                         0x08000459   Thumb Code    66  stm32_eth.o(i.ETH_GetRxPktSize)
    ETH_GetSoftwareResetStatus               0x080004a1   Thumb Code    20  stm32_eth.o(i.ETH_GetSoftwareResetStatus)
    ETH_IRQHandler                           0x080004b9   Thumb Code    32  stm32f10x_it.o(i.ETH_IRQHandler)
    ETH_Init                                 0x080004d9   Thumb Code   576  stm32_eth.o(i.ETH_Init)
    ETH_MACAddressConfig                     0x0800073d   Thumb Code    46  stm32_eth.o(i.ETH_MACAddressConfig)
    ETH_MACReceptionCmd                      0x08000771   Thumb Code    30  stm32_eth.o(i.ETH_MACReceptionCmd)
    ETH_MACTransmissionCmd                   0x08000795   Thumb Code    30  stm32_eth.o(i.ETH_MACTransmissionCmd)
    ETH_ReadPHYRegister                      0x080007b9   Thumb Code    98  stm32_eth.o(i.ETH_ReadPHYRegister)
    ETH_Reinit                               0x08000825   Thumb Code    96  stm32f107.o(i.ETH_Reinit)
    ETH_RxPkt_ChainMode                      0x08000889   Thumb Code   148  ethernetif.o(i.ETH_RxPkt_ChainMode)
    ETH_SoftwareReset                        0x08000925   Thumb Code    14  stm32_eth.o(i.ETH_SoftwareReset)
    ETH_Start                                0x08000939   Thumb Code    32  stm32_eth.o(i.ETH_Start)
    ETH_StructInit                           0x08000959   Thumb Code   170  stm32_eth.o(i.ETH_StructInit)
    ETH_TxPkt_ChainMode                      0x08000a05   Thumb Code    94  ethernetif.o(i.ETH_TxPkt_ChainMode)
    ETH_WritePHYRegister                     0x08000a6d   Thumb Code    96  stm32_eth.o(i.ETH_WritePHYRegister)
    Eth_Link_ITHandler                       0x08000ad5   Thumb Code    64  netconf.o(i.Eth_Link_ITHandler)
    Ethernet_Configuration                   0x08000b1d   Thumb Code    46  stm32f107.o(i.Ethernet_Configuration)
    FLASH_ClearFlag                          0x08000b51   Thumb Code     6  stm32f10x_flash.o(i.FLASH_ClearFlag)
    FLASH_ErasePage                          0x08000b5d   Thumb Code    76  stm32f10x_flash.o(i.FLASH_ErasePage)
    FLASH_GetFlagStatus                      0x08000bad   Thumb Code    42  stm32f10x_flash.o(i.FLASH_GetFlagStatus)
    FLASH_GetStatus                          0x08000bdd   Thumb Code    48  stm32f10x_flash.o(i.FLASH_GetStatus)
    FLASH_Lock                               0x08000c11   Thumb Code    14  stm32f10x_flash.o(i.FLASH_Lock)
    FLASH_ProgramWord                        0x08000c25   Thumb Code   110  stm32f10x_flash.o(i.FLASH_ProgramWord)
    FLASH_Unlock                             0x08000c99   Thumb Code    12  stm32f10x_flash.o(i.FLASH_Unlock)
    FLASH_WaitForLastOperation               0x08000cb1   Thumb Code    42  stm32f10x_flash.o(i.FLASH_WaitForLastOperation)
    Flash_EraseChip                          0x08000cdd   Thumb Code    34  drvflash.o(i.Flash_EraseChip)
    Flash_ReadSR                             0x08000d05   Thumb Code    36  drvflash.o(i.Flash_ReadSR)
    Flash_ReadSomeByte                       0x08000d2d   Thumb Code    80  drvflash.o(i.Flash_ReadSomeByte)
    Flash_WaitBusy                           0x08000d81   Thumb Code    18  drvflash.o(i.Flash_WaitBusy)
    Flash_WriteEnable                        0x08000d95   Thumb Code    26  drvflash.o(i.Flash_WriteEnable)
    Flash_WriteNoCheck                       0x08000db5   Thumb Code    68  drvflash.o(i.Flash_WriteNoCheck)
    Flash_WritePage                          0x08000df9   Thumb Code    86  drvflash.o(i.Flash_WritePage)
    GPIO_Configuration                       0x08000e55   Thumb Code   310  stm32f107.o(i.GPIO_Configuration)
    GPIO_ETH_MediaInterfaceConfig            0x08000f9d   Thumb Code     6  stm32f10x_gpio.o(i.GPIO_ETH_MediaInterfaceConfig)
    GPIO_Init                                0x08000fa9   Thumb Code   278  stm32f10x_gpio.o(i.GPIO_Init)
    GPIO_PinRemapConfig                      0x080010c1   Thumb Code   106  stm32f10x_gpio.o(i.GPIO_PinRemapConfig)
    GPIO_ReadInputDataBit                    0x08001131   Thumb Code    18  stm32f10x_gpio.o(i.GPIO_ReadInputDataBit)
    GPIO_ResetBits                           0x08001143   Thumb Code     4  stm32f10x_gpio.o(i.GPIO_ResetBits)
    GPIO_SetBits                             0x08001147   Thumb Code     4  stm32f10x_gpio.o(i.GPIO_SetBits)
    HardFault_Handler                        0x0800114b   Thumb Code     4  stm32f10x_it.o(i.HardFault_Handler)
    LwIP_Init                                0x08001151   Thumb Code   160  netconf.o(i.LwIP_Init)
    LwIP_Periodic_Handle                     0x08001201   Thumb Code    56  netconf.o(i.LwIP_Periodic_Handle)
    LwIP_Pkt_Handle                          0x08001241   Thumb Code    10  netconf.o(i.LwIP_Pkt_Handle)
    MemManage_Handler                        0x08001251   Thumb Code     4  stm32f10x_it.o(i.MemManage_Handler)
    NMI_Handler                              0x08001255   Thumb Code     2  stm32f10x_it.o(i.NMI_Handler)
    NVIC_Configuration                       0x08001257   Thumb Code    52  stm32f107.o(i.NVIC_Configuration)
    NVIC_Init                                0x0800128d   Thumb Code   100  misc.o(i.NVIC_Init)
    NVIC_PriorityGroupConfig                 0x080012fd   Thumb Code    10  misc.o(i.NVIC_PriorityGroupConfig)
    NVIC_SetVectorTable                      0x08001339   Thumb Code    12  misc.o(i.NVIC_SetVectorTable)
    PendSV_Handler                           0x0800134d   Thumb Code     2  stm32f10x_it.o(i.PendSV_Handler)
    RCC_AHBPeriphClockCmd                    0x08001351   Thumb Code    26  stm32f10x_rcc.o(i.RCC_AHBPeriphClockCmd)
    RCC_AHBPeriphResetCmd                    0x08001371   Thumb Code    26  stm32f10x_rcc.o(i.RCC_AHBPeriphResetCmd)
    RCC_APB1PeriphClockCmd                   0x08001391   Thumb Code    26  stm32f10x_rcc.o(i.RCC_APB1PeriphClockCmd)
    RCC_APB2PeriphClockCmd                   0x080013b1   Thumb Code    26  stm32f10x_rcc.o(i.RCC_APB2PeriphClockCmd)
    RCC_GetClocksFreq                        0x080013d1   Thumb Code   374  stm32f10x_rcc.o(i.RCC_GetClocksFreq)
    RCC_MCOConfig                            0x08001561   Thumb Code     6  stm32f10x_rcc.o(i.RCC_MCOConfig)
    SPI_ReadByte                             0x0800156d   Thumb Code    56  stm32f107.o(i.SPI_ReadByte)
    SPI_WriteByte                            0x080015a9   Thumb Code    62  stm32f107.o(i.SPI_WriteByte)
    SPI_softInit                             0x080015ed   Thumb Code    28  stm32f107.o(i.SPI_softInit)
    STM_EVAL_LEDInit                         0x0800160d   Thumb Code    52  stm32_eval.o(i.STM_EVAL_LEDInit)
    SVC_Handler                              0x0800164d   Thumb Code     2  stm32f10x_it.o(i.SVC_Handler)
    SysTick_Handler                          0x08001779   Thumb Code     8  stm32f10x_it.o(i.SysTick_Handler)
    SystemInit                               0x08001781   Thumb Code    84  system_stm32f10x.o(i.SystemInit)
    System_Periodic_Handle                   0x080017e1   Thumb Code    12  main.o(i.System_Periodic_Handle)
    System_Setup                             0x080017f1   Thumb Code   138  stm32f107.o(i.System_Setup)
    Tcp_Server_Init                          0x0800187d   Thumb Code    94  tcpserver.o(i.Tcp_Server_Init)
    Time_Update                              0x08001905   Thumb Code    12  main.o(i.Time_Update)
    USART3_IRQHandler                        0x08001915   Thumb Code     2  stm32f10x_it.o(i.USART3_IRQHandler)
    USART_Cmd                                0x08001917   Thumb Code    24  stm32f10x_usart.o(i.USART_Cmd)
    USART_GetFlagStatus                      0x0800192f   Thumb Code    26  stm32f10x_usart.o(i.USART_GetFlagStatus)
    USART_ITConfig                           0x08001949   Thumb Code    74  stm32f10x_usart.o(i.USART_ITConfig)
    USART_Init                               0x08001995   Thumb Code   156  stm32f10x_usart.o(i.USART_Init)
    USART_SendData                           0x08001a35   Thumb Code     8  stm32f10x_usart.o(i.USART_SendData)
    UsageFault_Handler                       0x08001a3d   Thumb Code     4  stm32f10x_it.o(i.UsageFault_Handler)
    Usart3Init                               0x08001a41   Thumb Code   166  stm32f107.o(i.Usart3Init)
    XVC_Init                                 0x08001af5   Thumb Code    80  stm32f107.o(i.XVC_Init)
    XVC_Interface                            0x08001b4d   Thumb Code   846  tcpserver.o(i.XVC_Interface)
    XVC_PHY_RST                              0x08001ee1   Thumb Code    68  stm32f107.o(i.XVC_PHY_RST)
    __0printf$8                              0x08001f29   Thumb Code    22  printf8.o(i.__0printf$8)
    __1printf$8                              0x08001f29   Thumb Code     0  printf8.o(i.__0printf$8)
    __2printf                                0x08001f29   Thumb Code     0  printf8.o(i.__0printf$8)
    __scatterload_copy                       0x08001f49   Thumb Code    14  handlers.o(i.__scatterload_copy)
    __scatterload_null                       0x08001f57   Thumb Code     2  handlers.o(i.__scatterload_null)
    __scatterload_zeroinit                   0x08001f59   Thumb Code    14  handlers.o(i.__scatterload_zeroinit)
    check_sum                                0x080023e3   Thumb Code    26  tcpserver.o(i.check_sum)
    etharp_arp_input                         0x08002417   Thumb Code   306  etharp.o(i.etharp_arp_input)
    etharp_ip_input                          0x08002549   Thumb Code    58  etharp.o(i.etharp_ip_input)
    etharp_output                            0x08002585   Thumb Code   190  etharp.o(i.etharp_output)
    etharp_query                             0x08002649   Thumb Code   436  etharp.o(i.etharp_query)
    etharp_request                           0x080028cd   Thumb Code    36  etharp.o(i.etharp_request)
    etharp_tmr                               0x08002949   Thumb Code   154  etharp.o(i.etharp_tmr)
    ethernet_input                           0x080029e9   Thumb Code   120  etharp.o(i.ethernet_input)
    ethernetif_init                          0x08002a61   Thumb Code    68  ethernetif.o(i.ethernetif_init)
    ethernetif_input                         0x08002aad   Thumb Code    48  ethernetif.o(i.ethernetif_input)
    flashCheckOut                            0x08002ce1   Thumb Code    56  main.o(i.flashCheckOut)
    flashChoice                              0x08002d19   Thumb Code    54  tcpserver.o(i.flashChoice)
    fmcEraseBlk1Pages                        0x08002d51   Thumb Code   152  flash.o(i.fmcEraseBlk1Pages)
    fmcProgramBlk1Pages                      0x08002e19   Thumb Code   164  flash.o(i.fmcProgramBlk1Pages)
    fpgaStateGet                             0x08002ef9   Thumb Code   344  tcpserver.o(i.fpgaStateGet)
    fputc                                    0x08003055   Thumb Code    32  main.o(i.fputc)
    getDataLine                              0x080030b9   Thumb Code    36  tcpserver.o(i.getDataLine)
    htonl                                    0x080030e5   Thumb Code    26  inet.o(i.htonl)
    htons                                    0x080030ff   Thumb Code    12  inet.o(i.htons)
    icmp_dest_unreach                        0x0800310b   Thumb Code    18  icmp.o(i.icmp_dest_unreach)
    icmp_input                               0x0800311d   Thumb Code   458  icmp.o(i.icmp_input)
    icmp_time_exceeded                       0x0800335d   Thumb Code    18  icmp.o(i.icmp_time_exceeded)
    inet_chksum                              0x0800336f   Thumb Code    20  inet_chksum.o(i.inet_chksum)
    inet_chksum_pbuf                         0x08003383   Thumb Code    86  inet_chksum.o(i.inet_chksum_pbuf)
    inet_chksum_pseudo                       0x080033d9   Thumb Code   162  inet_chksum.o(i.inet_chksum_pseudo)
    ip_addr_isbroadcast                      0x0800347b   Thumb Code    78  ip_addr.o(i.ip_addr_isbroadcast)
    ip_frag                                  0x080034c9   Thumb Code   326  ip_frag.o(i.ip_frag)
    ip_input                                 0x08003615   Thumb Code   418  ip.o(i.ip_input)
    ip_output                                0x080037c5   Thumb Code    52  ip.o(i.ip_output)
    ip_output_if                             0x080037f9   Thumb Code   266  ip.o(i.ip_output_if)
    ip_reass                                 0x08003909   Thumb Code   400  ip_frag.o(i.ip_reass)
    ip_route                                 0x08003df9   Thumb Code    70  ip.o(i.ip_route)
    ipaddrGet                                0x08003e49   Thumb Code     4  tcpserver.o(i.ipaddrGet)
    ipaddrSet                                0x08003e4d   Thumb Code    34  tcpserver.o(i.ipaddrSet)
    macaddrGet                               0x08004007   Thumb Code    10  tcpserver.o(i.macaddrGet)
    macaddrSet                               0x08004011   Thumb Code    40  tcpserver.o(i.macaddrSet)
    main                                     0x08004041   Thumb Code   106  main.o(i.main)
    mem_free                                 0x080040c5   Thumb Code   106  mem.o(i.mem_free)
    mem_init                                 0x0800413d   Thumb Code    80  mem.o(i.mem_init)
    mem_malloc                               0x080041a1   Thumb Code   290  mem.o(i.mem_malloc)
    mem_realloc                              0x080042d1   Thumb Code   316  mem.o(i.mem_realloc)
    memp_free                                0x08004419   Thumb Code    38  memp.o(i.memp_free)
    memp_init                                0x08004445   Thumb Code    82  memp.o(i.memp_init)
    memp_malloc                              0x080044a9   Thumb Code    54  memp.o(i.memp_malloc)
    netif_add                                0x080044e5   Thumb Code    98  netif.o(i.netif_add)
    netif_is_up                              0x08004551   Thumb Code    12  netif.o(i.netif_is_up)
    netif_set_addr                           0x0800455d   Thumb Code    40  netif.o(i.netif_set_addr)
    netif_set_default                        0x08004585   Thumb Code     6  netif.o(i.netif_set_default)
    netif_set_gw                             0x08004591   Thumb Code    12  netif.o(i.netif_set_gw)
    netif_set_ipaddr                         0x0800459d   Thumb Code   110  netif.o(i.netif_set_ipaddr)
    netif_set_link_down                      0x08004615   Thumb Code    28  netif.o(i.netif_set_link_down)
    netif_set_link_up                        0x08004631   Thumb Code    44  netif.o(i.netif_set_link_up)
    netif_set_netmask                        0x0800465d   Thumb Code    12  netif.o(i.netif_set_netmask)
    netif_set_up                             0x08004669   Thumb Code    56  netif.o(i.netif_set_up)
    ntohl                                    0x080046a1   Thumb Code    12  inet.o(i.ntohl)
    ntohs                                    0x080046ad   Thumb Code    12  inet.o(i.ntohs)
    pbuf_alloc                               0x080046b9   Thumb Code   542  pbuf.o(i.pbuf_alloc)
    pbuf_cat                                 0x080048d7   Thumb Code    80  pbuf.o(i.pbuf_cat)
    pbuf_chain                               0x08004927   Thumb Code    22  pbuf.o(i.pbuf_chain)
    pbuf_clen                                0x0800493d   Thumb Code    18  pbuf.o(i.pbuf_clen)
    pbuf_copy                                0x0800494f   Thumb Code   220  pbuf.o(i.pbuf_copy)
    pbuf_copy_partial                        0x08004a2b   Thumb Code   154  pbuf.o(i.pbuf_copy_partial)
    pbuf_free                                0x08004ac5   Thumb Code   152  pbuf.o(i.pbuf_free)
    pbuf_header                              0x08004b5d   Thumb Code   140  pbuf.o(i.pbuf_header)
    pbuf_realloc                             0x08004be9   Thumb Code   176  pbuf.o(i.pbuf_realloc)
    pbuf_ref                                 0x08004c99   Thumb Code    10  pbuf.o(i.pbuf_ref)
    portSet                                  0x08004d59   Thumb Code    36  tcpserver.o(i.portSet)
    printf_version                           0x08004d85   Thumb Code    22  main.o(i.printf_version)
    raw_input                                0x08004dd5   Thumb Code   100  raw.o(i.raw_input)
    readCntInfo                              0x08004e3d   Thumb Code     6  flash.o(i.readCntInfo)
    readIpInfo                               0x08004e49   Thumb Code    94  flash.o(i.readIpInfo)
    setAddressLine                           0x08004eb5   Thumb Code    54  tcpserver.o(i.setAddressLine)
    setDataLine                              0x08004ef5   Thumb Code    54  tcpserver.o(i.setDataLine)
    setDefaultIpInfo                         0x08004f35   Thumb Code    64  stm32f107.o(i.setDefaultIpInfo)
    syncIpInfo                               0x08004f81   Thumb Code    82  stm32f107.o(i.syncIpInfo)
    tcp_abandon                              0x08005009   Thumb Code   148  tcp.o(i.tcp_abandon)
    tcp_accept                               0x080050a5   Thumb Code     4  tcp.o(i.tcp_accept)
    tcp_alloc                                0x080050b1   Thumb Code   178  tcp.o(i.tcp_alloc)
    tcp_arg                                  0x0800516d   Thumb Code     4  tcp.o(i.tcp_arg)
    tcp_bind                                 0x08005171   Thumb Code   232  tcp.o(i.tcp_bind)
    tcp_close                                0x08005269   Thumb Code   242  tcp.o(i.tcp_close)
    tcp_eff_send_mss                         0x0800536d   Thumb Code    46  tcp.o(i.tcp_eff_send_mss)
    tcp_enqueue                              0x0800539b   Thumb Code  1068  tcp_out.o(i.tcp_enqueue)
    tcp_err                                  0x080057c7   Thumb Code     6  tcp.o(i.tcp_err)
    tcp_fasttmr                              0x080057cd   Thumb Code   112  tcp.o(i.tcp_fasttmr)
    tcp_input                                0x08005841   Thumb Code  1200  tcp_in.o(i.tcp_input)
    tcp_keepalive                            0x08005d09   Thumb Code   110  tcp_out.o(i.tcp_keepalive)
    tcp_listen_with_backlog                  0x08005f41   Thumb Code   204  tcp.o(i.tcp_listen_with_backlog)
    tcp_new                                  0x0800601d   Thumb Code    10  tcp.o(i.tcp_new)
    tcp_next_iss                             0x080060a1   Thumb Code    20  tcp.o(i.tcp_next_iss)
    tcp_output                               0x080060bd   Thumb Code   642  tcp_out.o(i.tcp_output)
    tcp_pcb_purge                            0x08006561   Thumb Code    54  tcp.o(i.tcp_pcb_purge)
    tcp_pcb_remove                           0x08006599   Thumb Code   170  tcp.o(i.tcp_pcb_remove)
    tcp_poll                                 0x08006649   Thumb Code    10  tcp.o(i.tcp_poll)
    tcp_recv                                 0x08007301   Thumb Code     6  tcp.o(i.tcp_recv)
    tcp_recved                               0x0800732f   Thumb Code    86  tcp.o(i.tcp_recved)
    tcp_rexmit                               0x08007385   Thumb Code    86  tcp_out.o(i.tcp_rexmit)
    tcp_rexmit_rto                           0x080073db   Thumb Code    58  tcp_out.o(i.tcp_rexmit_rto)
    tcp_rst                                  0x08007415   Thumb Code   192  tcp_out.o(i.tcp_rst)
    tcp_seg_free                             0x080074d5   Thumb Code    32  tcp.o(i.tcp_seg_free)
    tcp_segs_free                            0x080074f5   Thumb Code    30  tcp.o(i.tcp_segs_free)
    tcp_send_ctrl                            0x08007513   Thumb Code    28  tcp_out.o(i.tcp_send_ctrl)
    tcp_sent                                 0x0800752f   Thumb Code     6  tcp.o(i.tcp_sent)
    tcp_setprio                              0x080077c1   Thumb Code     4  tcp.o(i.tcp_setprio)
    tcp_slowtmr                              0x080077c5   Thumb Code   764  tcp.o(i.tcp_slowtmr)
    tcp_tmr                                  0x08007b25   Thumb Code    30  tcp.o(i.tcp_tmr)
    tcp_update_rcv_ann_wnd                   0x08007b49   Thumb Code    56  tcp.o(i.tcp_update_rcv_ann_wnd)
    tcp_write                                0x08007b81   Thumb Code    72  tcp_out.o(i.tcp_write)
    tcp_zero_window_probe                    0x08007bc9   Thumb Code   120  tcp_out.o(i.tcp_zero_window_probe)
    udp_input                                0x08007c41   Thumb Code   442  udp.o(i.udp_input)
    writeCntInfo                             0x08007ef9   Thumb Code    36  flash.o(i.writeCntInfo)
    writeIpInfo                              0x08007f21   Thumb Code    56  flash.o(i.writeIpInfo)
    defaultNetCfgInfo                        0x08007f64   Data          20  netconf.o(.constdata)
    XVC_ADDR_GPIO                            0x08007f78   Data          16  tcpserver.o(.constdata)
    XVC_DATA_GPIO                            0x08007f88   Data          16  tcpserver.o(.constdata)
    GPIO_PIN                                 0x08007f98   Data           4  stm32_eval.o(.constdata)
    GPIO_CLK                                 0x08007f9c   Data           8  stm32_eval.o(.constdata)
    BUTTON_PIN                               0x08007fa4   Data           6  stm32_eval.o(.constdata)
    BUTTON_CLK                               0x08007fac   Data          12  stm32_eval.o(.constdata)
    BUTTON_EXTI_LINE                         0x08007fb8   Data           6  stm32_eval.o(.constdata)
    BUTTON_PORT_SOURCE                       0x08007fbe   Data           6  stm32_eval.o(.constdata)
    BUTTON_PIN_SOURCE                        0x08007fc4   Data           6  stm32_eval.o(.constdata)
    BUTTON_IRQn                              0x08007fca   Data           6  stm32_eval.o(.constdata)
    COM_USART_CLK                            0x08007fd0   Data           4  stm32_eval.o(.constdata)
    COM_POR_CLK                              0x08007fd4   Data           4  stm32_eval.o(.constdata)
    COM_TX_PIN                               0x08007fd8   Data           2  stm32_eval.o(.constdata)
    COM_RX_PIN                               0x08007fda   Data           2  stm32_eval.o(.constdata)
    tcp_backoff                              0x08007fdc   Data          13  tcp.o(.constdata)
    tcp_persist_backoff                      0x08007fe9   Data           7  tcp.o(.constdata)
    ip_addr_any                              0x08008014   Data           4  ip_addr.o(.constdata)
    ip_addr_broadcast                        0x08008018   Data           4  ip_addr.o(.constdata)
    ethbroadcast                             0x0800801c   Data           6  etharp.o(.constdata)
    ethzero                                  0x08008022   Data           6  etharp.o(.constdata)
    Region$$Table$$Base                      0x08008028   Number         0  anon$$obj.o(Region$$Table)
    Region$$Table$$Limit                     0x08008048   Number         0  anon$$obj.o(Region$$Table)
    LocalTime                                0x20000000   Data           4  main.o(.data)
    timingdelay                              0x20000004   Data           4  main.o(.data)
    earseFlag                                0x20000008   Data           4  main.o(.data)
    TCPTimer                                 0x2000000c   Data           4  netconf.o(.data)
    ARPTimer                                 0x20000010   Data           4  netconf.o(.data)
    DHCPfineTimer                            0x20000014   Data           4  netconf.o(.data)
    DHCPcoarseTimer                          0x20000018   Data           4  netconf.o(.data)
    DisplayTimer                             0x20000020   Data           4  netconf.o(.data)
    LedToggle                                0x20000024   Data           1  netconf.o(.data)
    Server                                   0x20000025   Data           1  netconf.o(.data)
    EthInitStatus                            0x20000026   Data           1  netconf.o(.data)
    netCfgInfo                               0x20000028   Data          20  netconf.o(.data)
    earsePcb                                 0x20000040   Data           4  tcpserver.o(.data)
    flashWriteAddr                           0x20000044   Data           4  tcpserver.o(.data)
    readTotal                                0x20000048   Data           4  tcpserver.o(.data)
    flashReadAddr                            0x2000004c   Data           4  tcpserver.o(.data)
    ackCnt                                   0x20000050   Data           4  tcpserver.o(.data)
    setAddrFlag                              0x20000054   Data           1  tcpserver.o(.data)
    DMATxDescToSet                           0x2000006c   Data           4  stm32_eth.o(.data)
    DMARxDescToGet                           0x20000070   Data           4  stm32_eth.o(.data)
    DMAPTPTxDescToSet                        0x20000074   Data           4  stm32_eth.o(.data)
    DMAPTPRxDescToGet                        0x20000078   Data           4  stm32_eth.o(.data)
    GPIO_PORT                                0x2000007c   Data           8  stm32_eval.o(.data)
    BUTTON_PORT                              0x20000084   Data          12  stm32_eval.o(.data)
    COM_USART                                0x20000090   Data           4  stm32_eval.o(.data)
    COM_PORT                                 0x20000094   Data           4  stm32_eval.o(.data)
    tcp_ticks                                0x20000098   Data           4  tcp.o(.data)
    tcp_bound_pcbs                           0x2000009c   Data           4  tcp.o(.data)
    tcp_listen_pcbs                          0x200000a0   Data           4  tcp.o(.data)
    tcp_active_pcbs                          0x200000a4   Data           4  tcp.o(.data)
    tcp_tw_pcbs                              0x200000a8   Data           4  tcp.o(.data)
    tcp_tmp_pcb                              0x200000ac   Data           4  tcp.o(.data)
    tcp_input_pcb                            0x200000d4   Data           4  tcp_in.o(.data)
    udp_pcbs                                 0x200000d8   Data           4  udp.o(.data)
    netif_list                               0x200000ec   Data           4  netif.o(.data)
    netif_default                            0x200000f0   Data           4  netif.o(.data)
    __stdout                                 0x20000110   Data           4  stdout.o(.data)
    netif                                    0x20000114   Data          52  netconf.o(.bss)
    tcp_recvbuf                              0x20000148   Data        2048  tcpserver.o(.bss)
    commonRsp                                0x20000948   Data          24  tcpserver.o(.bss)
    ipGetRsp                                 0x20000960   Data          32  tcpserver.o(.bss)
    ipSetRsp                                 0x20000980   Data          24  tcpserver.o(.bss)
    ipSetCmd                                 0x20000998   Data          32  tcpserver.o(.bss)
    stateRsp                                 0x200009b8   Data          68  tcpserver.o(.bss)
    sendbuf                                  0x200009fc   Data        1024  tcpserver.o(.bss)
    ipInfoFlash                              0x20000dfc   Data         112  flash.o(.bss)
    DMARxDscrTab                             0x20000e6c   Data          64  ethernetif.o(.bss)
    DMATxDscrTab                             0x20000eac   Data          32  ethernetif.o(.bss)
    Rx_Buff                                  0x20000ecc   Data        6080  ethernetif.o(.bss)
    Tx_Buff                                  0x2000268c   Data        3040  ethernetif.o(.bss)
    __initial_sp                             0x2000d440   Data           0  startup_stm32f10x_cl.o(STACK)



==============================================================================

Memory Map of the image

  Image Entry point : 0x08000151

  Load Region LR_IROM1 (Base: 0x08000000, Size: 0x0000815c, Max: 0x00040000, ABSOLUTE)

    Execution Region ER_IROM1 (Base: 0x08000000, Size: 0x00008048, Max: 0x00040000, ABSOLUTE)

    Base Addr    Size         Type   Attr      Idx    E Section Name        Object

    0x08000000   0x00000150   Data   RO         3988    RESET               startup_stm32f10x_cl.o
    0x08000150   0x00000000   Code   RO         3993  * .ARM.Collect$$$$00000000  mc_w.l(entry.o)
    0x08000150   0x00000004   Code   RO         4271    .ARM.Collect$$$$00000001  mc_w.l(entry2.o)
    0x08000154   0x00000004   Code   RO         4274    .ARM.Collect$$$$00000004  mc_w.l(entry5.o)
    0x08000158   0x00000000   Code   RO         4276    .ARM.Collect$$$$00000008  mc_w.l(entry7b.o)
    0x08000158   0x00000000   Code   RO         4278    .ARM.Collect$$$$0000000A  mc_w.l(entry8b.o)
    0x08000158   0x00000008   Code   RO         4279    .ARM.Collect$$$$0000000B  mc_w.l(entry9a.o)
    0x08000160   0x00000000   Code   RO         4281    .ARM.Collect$$$$0000000D  mc_w.l(entry10a.o)
    0x08000160   0x00000000   Code   RO         4283    .ARM.Collect$$$$0000000F  mc_w.l(entry11a.o)
    0x08000160   0x00000004   Code   RO         4272    .ARM.Collect$$$$00002712  mc_w.l(entry2.o)
    0x08000164   0x0000001c   Code   RO         3989    .text               startup_stm32f10x_cl.o
    0x08000180   0x00000024   Code   RO         3996    .text               mc_w.l(memcpya.o)
    0x080001a4   0x00000024   Code   RO         3998    .text               mc_w.l(memseta.o)
    0x080001c8   0x00000062   Code   RO         4288    .text               mc_w.l(uldiv.o)
    0x0800022a   0x00000002   PAD
    0x0800022c   0x00000024   Code   RO         4310    .text               mc_w.l(init.o)
    0x08000250   0x0000001e   Code   RO         4312    .text               mc_w.l(llshl.o)
    0x0800026e   0x00000020   Code   RO         4314    .text               mc_w.l(llushr.o)
    0x0800028e   0x00000010   Code   RO          465    i.BCD2DEC           tcpserver.o
    0x0800029e   0x00000004   Code   RO            1    i.BusFault_Handler  stm32f10x_it.o
    0x080002a2   0x00000002   Code   RO            2    i.DebugMon_Handler  stm32f10x_it.o
    0x080002a4   0x00000024   Code   RO          152    i.Delay             main.o
    0x080002c8   0x0000000c   Code   RO         2084    i.ETH_DMAClearITPendingBit  stm32_eth.o
    0x080002d4   0x00000020   Code   RO         2085    i.ETH_DMAITConfig   stm32_eth.o
    0x080002f4   0x00000024   Code   RO         2088    i.ETH_DMAReceptionCmd  stm32_eth.o
    0x08000318   0x00000054   Code   RO         2089    i.ETH_DMARxDescChainInit  stm32_eth.o
    0x0800036c   0x00000016   Code   RO         2091    i.ETH_DMARxDescReceiveITConfig  stm32_eth.o
    0x08000382   0x00000002   PAD
    0x08000384   0x00000024   Code   RO         2094    i.ETH_DMATransmissionCmd  stm32_eth.o
    0x080003a8   0x00000050   Code   RO         2097    i.ETH_DMATxDescChainInit  stm32_eth.o
    0x080003f8   0x00000016   Code   RO         2106    i.ETH_DeInit        stm32_eth.o
    0x0800040e   0x0000001c   Code   RO         2107    i.ETH_Delay         stm32_eth.o
    0x0800042a   0x00000002   PAD
    0x0800042c   0x00000014   Code   RO         2112    i.ETH_FlushTransmitFIFO  stm32_eth.o
    0x08000440   0x0000000c   Code   RO         2736    i.ETH_GetCurrentTxBuffer  ethernetif.o
    0x0800044c   0x0000000a   Code   RO         2123    i.ETH_GetDMARxDescFrameLength  stm32_eth.o
    0x08000456   0x00000002   PAD
    0x08000458   0x00000048   Code   RO         2138    i.ETH_GetRxPktSize  stm32_eth.o
    0x080004a0   0x00000018   Code   RO         2139    i.ETH_GetSoftwareResetStatus  stm32_eth.o
    0x080004b8   0x00000020   Code   RO            3    i.ETH_IRQHandler    stm32f10x_it.o
    0x080004d8   0x00000264   Code   RO         2146    i.ETH_Init          stm32_eth.o
    0x0800073c   0x00000034   Code   RO         2149    i.ETH_MACAddressConfig  stm32_eth.o
    0x08000770   0x00000024   Code   RO         2154    i.ETH_MACReceptionCmd  stm32_eth.o
    0x08000794   0x00000024   Code   RO         2155    i.ETH_MACTransmissionCmd  stm32_eth.o
    0x080007b8   0x0000006c   Code   RO         2166    i.ETH_ReadPHYRegister  stm32_eth.o
    0x08000824   0x00000064   Code   RO          270    i.ETH_Reinit        stm32f107.o
    0x08000888   0x0000009c   Code   RO         2737    i.ETH_RxPkt_ChainMode  ethernetif.o
    0x08000924   0x00000014   Code   RO         2177    i.ETH_SoftwareReset  stm32_eth.o
    0x08000938   0x00000020   Code   RO         2178    i.ETH_Start         stm32_eth.o
    0x08000958   0x000000aa   Code   RO         2179    i.ETH_StructInit    stm32_eth.o
    0x08000a02   0x00000002   PAD
    0x08000a04   0x00000068   Code   RO         2738    i.ETH_TxPkt_ChainMode  ethernetif.o
    0x08000a6c   0x00000068   Code   RO         2181    i.ETH_WritePHYRegister  stm32_eth.o
    0x08000ad4   0x00000048   Code   RO          404    i.Eth_Link_ITHandler  netconf.o
    0x08000b1c   0x00000034   Code   RO          271    i.Ethernet_Configuration  stm32f107.o
    0x08000b50   0x0000000c   Code   RO         1349    i.FLASH_ClearFlag   stm32f10x_flash.o
    0x08000b5c   0x00000050   Code   RO         1353    i.FLASH_ErasePage   stm32f10x_flash.o
    0x08000bac   0x00000030   Code   RO         1354    i.FLASH_GetFlagStatus  stm32f10x_flash.o
    0x08000bdc   0x00000034   Code   RO         1357    i.FLASH_GetStatus   stm32f10x_flash.o
    0x08000c10   0x00000014   Code   RO         1362    i.FLASH_Lock        stm32f10x_flash.o
    0x08000c24   0x00000074   Code   RO         1366    i.FLASH_ProgramWord  stm32f10x_flash.o
    0x08000c98   0x00000018   Code   RO         1369    i.FLASH_Unlock      stm32f10x_flash.o
    0x08000cb0   0x0000002a   Code   RO         1371    i.FLASH_WaitForLastOperation  stm32f10x_flash.o
    0x08000cda   0x00000002   PAD
    0x08000cdc   0x00000028   Code   RO          675    i.Flash_EraseChip   drvflash.o
    0x08000d04   0x00000028   Code   RO          678    i.Flash_ReadSR      drvflash.o
    0x08000d2c   0x00000054   Code   RO          679    i.Flash_ReadSomeByte  drvflash.o
    0x08000d80   0x00000012   Code   RO          680    i.Flash_WaitBusy    drvflash.o
    0x08000d92   0x00000002   PAD
    0x08000d94   0x00000020   Code   RO          683    i.Flash_WriteEnable  drvflash.o
    0x08000db4   0x00000044   Code   RO          684    i.Flash_WriteNoCheck  drvflash.o
    0x08000df8   0x0000005c   Code   RO          685    i.Flash_WritePage   drvflash.o
    0x08000e54   0x00000148   Code   RO          272    i.GPIO_Configuration  stm32f107.o
    0x08000f9c   0x0000000c   Code   RO          929    i.GPIO_ETH_MediaInterfaceConfig  stm32f10x_gpio.o
    0x08000fa8   0x00000116   Code   RO          933    i.GPIO_Init         stm32f10x_gpio.o
    0x080010be   0x00000002   PAD
    0x080010c0   0x00000070   Code   RO          935    i.GPIO_PinRemapConfig  stm32f10x_gpio.o
    0x08001130   0x00000012   Code   RO          937    i.GPIO_ReadInputDataBit  stm32f10x_gpio.o
    0x08001142   0x00000004   Code   RO          940    i.GPIO_ResetBits    stm32f10x_gpio.o
    0x08001146   0x00000004   Code   RO          941    i.GPIO_SetBits      stm32f10x_gpio.o
    0x0800114a   0x00000004   Code   RO            4    i.HardFault_Handler  stm32f10x_it.o
    0x0800114e   0x00000002   PAD
    0x08001150   0x000000b0   Code   RO          405    i.LwIP_Init         netconf.o
    0x08001200   0x00000040   Code   RO          406    i.LwIP_Periodic_Handle  netconf.o
    0x08001240   0x00000010   Code   RO          407    i.LwIP_Pkt_Handle   netconf.o
    0x08001250   0x00000004   Code   RO            5    i.MemManage_Handler  stm32f10x_it.o
    0x08001254   0x00000002   Code   RO            6    i.NMI_Handler       stm32f10x_it.o
    0x08001256   0x00000034   Code   RO          273    i.NVIC_Configuration  stm32f107.o
    0x0800128a   0x00000002   PAD
    0x0800128c   0x00000070   Code   RO         1498    i.NVIC_Init         misc.o
    0x080012fc   0x00000014   Code   RO         1499    i.NVIC_PriorityGroupConfig  misc.o
    0x08001310   0x00000028   Code   RO          274    i.NVIC_SetPriority  stm32f107.o
    0x08001338   0x00000014   Code   RO         1500    i.NVIC_SetVectorTable  misc.o
    0x0800134c   0x00000002   Code   RO            7    i.PendSV_Handler    stm32f10x_it.o
    0x0800134e   0x00000002   PAD
    0x08001350   0x00000020   Code   RO         1042    i.RCC_AHBPeriphClockCmd  stm32f10x_rcc.o
    0x08001370   0x00000020   Code   RO         1043    i.RCC_AHBPeriphResetCmd  stm32f10x_rcc.o
    0x08001390   0x00000020   Code   RO         1044    i.RCC_APB1PeriphClockCmd  stm32f10x_rcc.o
    0x080013b0   0x00000020   Code   RO         1046    i.RCC_APB2PeriphClockCmd  stm32f10x_rcc.o
    0x080013d0   0x00000190   Code   RO         1054    i.RCC_GetClocksFreq  stm32f10x_rcc.o
    0x08001560   0x0000000c   Code   RO         1066    i.RCC_MCOConfig     stm32f10x_rcc.o
    0x0800156c   0x0000003c   Code   RO          275    i.SPI_ReadByte      stm32f107.o
    0x080015a8   0x00000044   Code   RO          276    i.SPI_WriteByte     stm32f107.o
    0x080015ec   0x00000020   Code   RO          277    i.SPI_softInit      stm32f107.o
    0x0800160c   0x00000040   Code   RO         2690    i.STM_EVAL_LEDInit  stm32_eval.o
    0x0800164c   0x00000002   Code   RO            8    i.SVC_Handler       stm32f10x_it.o
    0x0800164e   0x00000008   Code   RO         3947    i.SetSysClock       system_stm32f10x.o
    0x08001656   0x00000002   PAD
    0x08001658   0x00000120   Code   RO         3948    i.SetSysClockTo72   system_stm32f10x.o
    0x08001778   0x00000008   Code   RO            9    i.SysTick_Handler   stm32f10x_it.o
    0x08001780   0x00000060   Code   RO         3949    i.SystemInit        system_stm32f10x.o
    0x080017e0   0x00000010   Code   RO          153    i.System_Periodic_Handle  main.o
    0x080017f0   0x0000008a   Code   RO          278    i.System_Setup      stm32f107.o
    0x0800187a   0x00000002   PAD
    0x0800187c   0x00000088   Code   RO          466    i.Tcp_Server_Init   tcpserver.o
    0x08001904   0x00000010   Code   RO          154    i.Time_Update       main.o
    0x08001914   0x00000002   Code   RO           10    i.USART3_IRQHandler  stm32f10x_it.o
    0x08001916   0x00000018   Code   RO          763    i.USART_Cmd         stm32f10x_usart.o
    0x0800192e   0x0000001a   Code   RO          766    i.USART_GetFlagStatus  stm32f10x_usart.o
    0x08001948   0x0000004a   Code   RO          769    i.USART_ITConfig    stm32f10x_usart.o
    0x08001992   0x00000002   PAD
    0x08001994   0x000000a0   Code   RO          770    i.USART_Init        stm32f10x_usart.o
    0x08001a34   0x00000008   Code   RO          778    i.USART_SendData    stm32f10x_usart.o
    0x08001a3c   0x00000004   Code   RO           11    i.UsageFault_Handler  stm32f10x_it.o
    0x08001a40   0x000000b4   Code   RO          279    i.Usart3Init        stm32f107.o
    0x08001af4   0x00000058   Code   RO          280    i.XVC_Init          stm32f107.o
    0x08001b4c   0x00000394   Code   RO          467    i.XVC_Interface     tcpserver.o
    0x08001ee0   0x00000048   Code   RO          281    i.XVC_PHY_RST       stm32f107.o
    0x08001f28   0x00000020   Code   RO         4215    i.__0printf$8       mc_w.l(printf8.o)
    0x08001f48   0x0000000e   Code   RO         4354    i.__scatterload_copy  mc_w.l(handlers.o)
    0x08001f56   0x00000002   Code   RO         4355    i.__scatterload_null  mc_w.l(handlers.o)
    0x08001f58   0x0000000e   Code   RO         4356    i.__scatterload_zeroinit  mc_w.l(handlers.o)
    0x08001f66   0x00000002   PAD
    0x08001f68   0x00000410   Code   RO         4222    i._printf_core      mc_w.l(printf8.o)
    0x08002378   0x00000024   Code   RO         4223    i._printf_post_padding  mc_w.l(printf8.o)
    0x0800239c   0x0000002e   Code   RO         4224    i._printf_pre_padding  mc_w.l(printf8.o)
    0x080023ca   0x00000018   Code   RO          595    i.checkSumFun       flash.o
    0x080023e2   0x0000001a   Code   RO          468    i.check_sum         tcpserver.o
    0x080023fc   0x0000001a   Code   RO         1372    i.delay             stm32f10x_flash.o
    0x08002416   0x00000132   Code   RO         3860    i.etharp_arp_input  etharp.o
    0x08002548   0x0000003a   Code   RO         3862    i.etharp_ip_input   etharp.o
    0x08002582   0x00000002   PAD
    0x08002584   0x000000c4   Code   RO         3863    i.etharp_output     etharp.o
    0x08002648   0x000001b8   Code   RO         3864    i.etharp_query      etharp.o
    0x08002800   0x000000ca   Code   RO         3865    i.etharp_raw        etharp.o
    0x080028ca   0x00000002   PAD
    0x080028cc   0x0000002c   Code   RO         3866    i.etharp_request    etharp.o
    0x080028f8   0x0000004e   Code   RO         3867    i.etharp_send_ip    etharp.o
    0x08002946   0x00000002   PAD
    0x08002948   0x000000a0   Code   RO         3868    i.etharp_tmr        etharp.o
    0x080029e8   0x00000078   Code   RO         3869    i.ethernet_input    etharp.o
    0x08002a60   0x0000004c   Code   RO         2740    i.ethernetif_init   ethernetif.o
    0x08002aac   0x00000030   Code   RO         2741    i.ethernetif_input  ethernetif.o
    0x08002adc   0x00000204   Code   RO         3870    i.find_entry        etharp.o
    0x08002ce0   0x00000038   Code   RO          155    i.flashCheckOut     main.o
    0x08002d18   0x00000036   Code   RO          469    i.flashChoice       tcpserver.o
    0x08002d4e   0x00000002   PAD
    0x08002d50   0x000000c8   Code   RO          596    i.fmcEraseBlk1Pages  flash.o
    0x08002e18   0x000000e0   Code   RO          597    i.fmcProgramBlk1Pages  flash.o
    0x08002ef8   0x0000015c   Code   RO          470    i.fpgaStateGet      tcpserver.o
    0x08003054   0x00000024   Code   RO          156    i.fputc             main.o
    0x08003078   0x00000040   Code   RO         3871    i.free_etharp_q     etharp.o
    0x080030b8   0x0000002c   Code   RO          471    i.getDataLine       tcpserver.o
    0x080030e4   0x0000001a   Code   RO         3657    i.htonl             inet.o
    0x080030fe   0x0000000c   Code   RO         3658    i.htons             inet.o
    0x0800310a   0x00000012   Code   RO         3622    i.icmp_dest_unreach  icmp.o
    0x0800311c   0x000001ca   Code   RO         3623    i.icmp_input        icmp.o
    0x080032e6   0x00000076   Code   RO         3624    i.icmp_send_response  icmp.o
    0x0800335c   0x00000012   Code   RO         3625    i.icmp_time_exceeded  icmp.o
    0x0800336e   0x00000014   Code   RO         3706    i.inet_chksum       inet_chksum.o
    0x08003382   0x00000056   Code   RO         3707    i.inet_chksum_pbuf  inet_chksum.o
    0x080033d8   0x000000a2   Code   RO         3708    i.inet_chksum_pseudo  inet_chksum.o
    0x0800347a   0x0000004e   Code   RO         3786    i.ip_addr_isbroadcast  ip_addr.o
    0x080034c8   0x0000014c   Code   RO         3808    i.ip_frag           ip_frag.o
    0x08003614   0x000001b0   Code   RO         3744    i.ip_input          ip.o
    0x080037c4   0x00000034   Code   RO         3745    i.ip_output         ip.o
    0x080037f8   0x00000110   Code   RO         3746    i.ip_output_if      ip.o
    0x08003908   0x00000198   Code   RO         3809    i.ip_reass          ip_frag.o
    0x08003aa0   0x000001a8   Code   RO         3810    i.ip_reass_chain_frag_into_datagram_and_validate  ip_frag.o
    0x08003c48   0x00000034   Code   RO         3811    i.ip_reass_dequeue_datagram  ip_frag.o
    0x08003c7c   0x00000054   Code   RO         3812    i.ip_reass_enqueue_new_datagram  ip_frag.o
    0x08003cd0   0x000000ac   Code   RO         3813    i.ip_reass_free_complete_datagram  ip_frag.o
    0x08003d7c   0x0000007c   Code   RO         3814    i.ip_reass_remove_oldest_datagram  ip_frag.o
    0x08003df8   0x00000050   Code   RO         3747    i.ip_route          ip.o
    0x08003e48   0x00000004   Code   RO          472    i.ipaddrGet         tcpserver.o
    0x08003e4c   0x0000002c   Code   RO          473    i.ipaddrSet         tcpserver.o
    0x08003e78   0x00000094   Code   RO         2742    i.low_level_init    ethernetif.o
    0x08003f0c   0x0000007c   Code   RO         2743    i.low_level_input   ethernetif.o
    0x08003f88   0x00000034   Code   RO         2744    i.low_level_output  ethernetif.o
    0x08003fbc   0x0000004a   Code   RO         3709    i.lwip_standard_chksum  inet_chksum.o
    0x08004006   0x0000000a   Code   RO          474    i.macaddrGet        tcpserver.o
    0x08004010   0x00000030   Code   RO          475    i.macaddrSet        tcpserver.o
    0x08004040   0x00000084   Code   RO          157    i.main              main.o
    0x080040c4   0x00000078   Code   RO         3289    i.mem_free          mem.o
    0x0800413c   0x00000064   Code   RO         3290    i.mem_init          mem.o
    0x080041a0   0x00000130   Code   RO         3291    i.mem_malloc        mem.o
    0x080042d0   0x00000148   Code   RO         3292    i.mem_realloc       mem.o
    0x08004418   0x0000002c   Code   RO         3332    i.memp_free         memp.o
    0x08004444   0x00000064   Code   RO         3333    i.memp_init         memp.o
    0x080044a8   0x0000003c   Code   RO         3334    i.memp_malloc       memp.o
    0x080044e4   0x0000006c   Code   RO         3374    i.netif_add         netif.o
    0x08004550   0x0000000c   Code   RO         3377    i.netif_is_up       netif.o
    0x0800455c   0x00000028   Code   RO         3379    i.netif_set_addr    netif.o
    0x08004584   0x0000000c   Code   RO         3380    i.netif_set_default  netif.o
    0x08004590   0x0000000c   Code   RO         3382    i.netif_set_gw      netif.o
    0x0800459c   0x00000078   Code   RO         3383    i.netif_set_ipaddr  netif.o
    0x08004614   0x0000001c   Code   RO         3385    i.netif_set_link_down  netif.o
    0x08004630   0x0000002c   Code   RO         3386    i.netif_set_link_up  netif.o
    0x0800465c   0x0000000c   Code   RO         3387    i.netif_set_netmask  netif.o
    0x08004668   0x00000038   Code   RO         3388    i.netif_set_up      netif.o
    0x080046a0   0x0000000c   Code   RO         3662    i.ntohl             inet.o
    0x080046ac   0x0000000c   Code   RO         3663    i.ntohs             inet.o
    0x080046b8   0x0000021e   Code   RO         3476    i.pbuf_alloc        pbuf.o
    0x080048d6   0x00000050   Code   RO         3477    i.pbuf_cat          pbuf.o
    0x08004926   0x00000016   Code   RO         3478    i.pbuf_chain        pbuf.o
    0x0800493c   0x00000012   Code   RO         3479    i.pbuf_clen         pbuf.o
    0x0800494e   0x000000dc   Code   RO         3481    i.pbuf_copy         pbuf.o
    0x08004a2a   0x0000009a   Code   RO         3482    i.pbuf_copy_partial  pbuf.o
    0x08004ac4   0x00000098   Code   RO         3484    i.pbuf_free         pbuf.o
    0x08004b5c   0x0000008c   Code   RO         3485    i.pbuf_header       pbuf.o
    0x08004be8   0x000000b0   Code   RO         3486    i.pbuf_realloc      pbuf.o
    0x08004c98   0x0000000a   Code   RO         3487    i.pbuf_ref          pbuf.o
    0x08004ca2   0x00000002   PAD
    0x08004ca4   0x000000b4   Code   RO         3293    i.plug_holes        mem.o
    0x08004d58   0x0000002c   Code   RO          476    i.portSet           tcpserver.o
    0x08004d84   0x00000050   Code   RO          158    i.printf_version    main.o
    0x08004dd4   0x00000068   Code   RO         3562    i.raw_input         raw.o
    0x08004e3c   0x0000000c   Code   RO          598    i.readCntInfo       flash.o
    0x08004e48   0x0000006c   Code   RO          599    i.readIpInfo        flash.o
    0x08004eb4   0x00000040   Code   RO          477    i.setAddressLine    tcpserver.o
    0x08004ef4   0x00000040   Code   RO          478    i.setDataLine       tcpserver.o
    0x08004f34   0x0000004c   Code   RO          287    i.setDefaultIpInfo  stm32f107.o
    0x08004f80   0x00000088   Code   RO          289    i.syncIpInfo        stm32f107.o
    0x08005008   0x0000009c   Code   RO         2864    i.tcp_abandon       tcp.o
    0x080050a4   0x00000004   Code   RO         2865    i.tcp_accept        tcp.o
    0x080050a8   0x00000008   Code   RO         2866    i.tcp_accept_null   tcp.o
    0x080050b0   0x000000bc   Code   RO         2867    i.tcp_alloc         tcp.o
    0x0800516c   0x00000004   Code   RO         2868    i.tcp_arg           tcp.o
    0x08005170   0x000000f8   Code   RO         2869    i.tcp_bind          tcp.o
    0x08005268   0x00000104   Code   RO         2870    i.tcp_close         tcp.o
    0x0800536c   0x0000002e   Code   RO         2872    i.tcp_eff_send_mss  tcp.o
    0x0800539a   0x0000042c   Code   RO         3104    i.tcp_enqueue       tcp_out.o
    0x080057c6   0x00000006   Code   RO         2873    i.tcp_err           tcp.o
    0x080057cc   0x00000074   Code   RO         2874    i.tcp_fasttmr       tcp.o
    0x08005840   0x000004c8   Code   RO         3053    i.tcp_input         tcp_in.o
    0x08005d08   0x0000006e   Code   RO         3105    i.tcp_keepalive     tcp_out.o
    0x08005d76   0x00000002   PAD
    0x08005d78   0x00000058   Code   RO         2875    i.tcp_kill_prio     tcp.o
    0x08005dd0   0x0000003c   Code   RO         2876    i.tcp_kill_timewait  tcp.o
    0x08005e0c   0x00000134   Code   RO         3054    i.tcp_listen_input  tcp_in.o
    0x08005f40   0x000000dc   Code   RO         2877    i.tcp_listen_with_backlog  tcp.o
    0x0800601c   0x0000000a   Code   RO         2878    i.tcp_new           tcp.o
    0x08006026   0x00000002   PAD
    0x08006028   0x00000078   Code   RO         2879    i.tcp_new_port      tcp.o
    0x080060a0   0x0000001c   Code   RO         2880    i.tcp_next_iss      tcp.o
    0x080060bc   0x00000288   Code   RO         3106    i.tcp_output        tcp_out.o
    0x08006344   0x000000e0   Code   RO         3107    i.tcp_output_segment  tcp_out.o
    0x08006424   0x00000084   Code   RO         3108    i.tcp_output_set_header  tcp_out.o
    0x080064a8   0x000000b8   Code   RO         3055    i.tcp_parseopt      tcp_in.o
    0x08006560   0x00000036   Code   RO         2881    i.tcp_pcb_purge     tcp.o
    0x08006596   0x00000002   PAD
    0x08006598   0x000000b0   Code   RO         2882    i.tcp_pcb_remove    tcp.o
    0x08006648   0x0000000a   Code   RO         2883    i.tcp_poll          tcp.o
    0x08006652   0x00000002   PAD
    0x08006654   0x000005ac   Code   RO         3056    i.tcp_process       tcp_in.o
    0x08006c00   0x00000700   Code   RO         3057    i.tcp_receive       tcp_in.o
    0x08007300   0x00000006   Code   RO         2884    i.tcp_recv          tcp.o
    0x08007306   0x00000028   Code   RO         2885    i.tcp_recv_null     tcp.o
    0x0800732e   0x00000056   Code   RO         2886    i.tcp_recved        tcp.o
    0x08007384   0x00000056   Code   RO         3109    i.tcp_rexmit        tcp_out.o
    0x080073da   0x0000003a   Code   RO         3110    i.tcp_rexmit_rto    tcp_out.o
    0x08007414   0x000000c0   Code   RO         3111    i.tcp_rst           tcp_out.o
    0x080074d4   0x00000020   Code   RO         2887    i.tcp_seg_free      tcp.o
    0x080074f4   0x0000001e   Code   RO         2888    i.tcp_segs_free     tcp.o
    0x08007512   0x0000001c   Code   RO         3112    i.tcp_send_ctrl     tcp_out.o
    0x0800752e   0x00000006   Code   RO         2889    i.tcp_sent          tcp.o
    0x08007534   0x00000078   Code   RO          479    i.tcp_server_accept  tcpserver.o
    0x080075ac   0x00000042   Code   RO          480    i.tcp_server_connection_close  tcpserver.o
    0x080075ee   0x00000002   PAD
    0x080075f0   0x0000006c   Code   RO          481    i.tcp_server_deal   tcpserver.o
    0x0800765c   0x00000012   Code   RO          482    i.tcp_server_error  tcpserver.o
    0x0800766e   0x00000002   PAD
    0x08007670   0x0000004c   Code   RO          483    i.tcp_server_poll   tcpserver.o
    0x080076bc   0x000000c8   Code   RO          484    i.tcp_server_receive  tcpserver.o
    0x08007784   0x0000003c   Code   RO          485    i.tcp_server_sent   tcpserver.o
    0x080077c0   0x00000004   Code   RO         2890    i.tcp_setprio       tcp.o
    0x080077c4   0x00000310   Code   RO         2891    i.tcp_slowtmr       tcp.o
    0x08007ad4   0x00000050   Code   RO         3058    i.tcp_timewait_input  tcp_in.o
    0x08007b24   0x00000024   Code   RO         2892    i.tcp_tmr           tcp.o
    0x08007b48   0x00000038   Code   RO         2893    i.tcp_update_rcv_ann_wnd  tcp.o
    0x08007b80   0x00000048   Code   RO         3113    i.tcp_write         tcp_out.o
    0x08007bc8   0x00000078   Code   RO         3114    i.tcp_zero_window_probe  tcp_out.o
    0x08007c40   0x000001c0   Code   RO         3177    i.udp_input         udp.o
    0x08007e00   0x000000f8   Code   RO         3872    i.update_arp_entry  etharp.o
    0x08007ef8   0x00000028   Code   RO          604    i.writeCntInfo      flash.o
    0x08007f20   0x00000044   Code   RO          605    i.writeIpInfo       flash.o
    0x08007f64   0x00000014   Data   RO          409    .constdata          netconf.o
    0x08007f78   0x00000020   Data   RO          487    .constdata          tcpserver.o
    0x08007f98   0x00000044   Data   RO         2696    .constdata          stm32_eval.o
    0x08007fdc   0x00000014   Data   RO         2894    .constdata          tcp.o
    0x08007ff0   0x00000024   Data   RO         3336    .constdata          memp.o
    0x08008014   0x00000008   Data   RO         3787    .constdata          ip_addr.o
    0x0800801c   0x0000000c   Data   RO         3874    .constdata          etharp.o
    0x08008028   0x00000020   Data   RO         4352    Region$$Table       anon$$obj.o


    Execution Region RW_IRAM1 (Base: 0x20000000, Size: 0x0000d440, Max: 0x00010000, ABSOLUTE)

    Base Addr    Size         Type   Attr      Idx    E Section Name        Object

    0x20000000   0x0000000c   Data   RW          159    .data               main.o
    0x2000000c   0x00000030   Data   RW          410    .data               netconf.o
    0x2000003c   0x00000019   Data   RW          488    .data               tcpserver.o
    0x20000055   0x00000014   Data   RW         1082    .data               stm32f10x_rcc.o
    0x20000069   0x00000003   PAD
    0x2000006c   0x00000010   Data   RW         2182    .data               stm32_eth.o
    0x2000007c   0x0000001c   Data   RW         2697    .data               stm32_eval.o
    0x20000098   0x00000020   Data   RW         2895    .data               tcp.o
    0x200000b8   0x00000020   Data   RW         3060    .data               tcp_in.o
    0x200000d8   0x00000004   Data   RW         3184    .data               udp.o
    0x200000dc   0x0000000d   Data   RW         3295    .data               mem.o
    0x200000e9   0x00000003   PAD
    0x200000ec   0x00000009   Data   RW         3389    .data               netif.o
    0x200000f5   0x00000003   PAD
    0x200000f8   0x00000004   Data   RW         3568    .data               raw.o
    0x200000fc   0x0000000a   Data   RW         3748    .data               ip.o
    0x20000106   0x00000002   PAD
    0x20000108   0x00000006   Data   RW         3817    .data               ip_frag.o
    0x2000010e   0x00000001   Data   RW         3875    .data               etharp.o
    0x2000010f   0x00000001   PAD
    0x20000110   0x00000004   Data   RW         4285    .data               mc_w.l(stdout.o)
    0x20000114   0x00000034   Zero   RW          408    .bss                netconf.o
    0x20000148   0x00000cb4   Zero   RW          486    .bss                tcpserver.o
    0x20000dfc   0x00000070   Zero   RW          606    .bss                flash.o
    0x20000e6c   0x00002400   Zero   RW         2745    .bss                ethernetif.o
    0x2000326c   0x00000014   Zero   RW         3059    .bss                tcp_in.o
    0x20003280   0x00005014   Zero   RW         3294    .bss                mem.o
    0x20008294   0x000046ff   Zero   RW         3335    .bss                memp.o
    0x2000c993   0x000005e0   Zero   RW         3816    .bss                ip_frag.o
    0x2000cf73   0x00000001   PAD
    0x2000cf74   0x000000c8   Zero   RW         3873    .bss                etharp.o
    0x2000d03c   0x00000004   PAD
    0x2000d040   0x00000400   Zero   RW         3986    STACK               startup_stm32f10x_cl.o


==============================================================================

Image component sizes


      Code (inc. data)   RO Data    RW Data    ZI Data      Debug   Object Name

         0          0          0          0          0         32   core_cm3.o
       374         26          0          0          0       4274   drvflash.o
      2432         38         12          1        200      12914   etharp.o
       720         56          0          0       9216       7190   ethernetif.o
       676        144          0          0        112       6536   flash.o
       612          0          0          0          0       3766   icmp.o
        62          0          0          0          0       2160   inet.o
       342          0          0          0          0       6426   inet_chksum.o
         0          0          0          0          0        692   init.o
       836         30          0         10          0       4741   ip.o
        78          0          8          0          0       5633   ip_addr.o
      1596         42          0          6       1504       8021   ip_frag.o
       372        106          0         12          0      27588   main.o
      1032         72          0         13      20500       5045   mem.o
       204         30         36          0      18175       3854   memp.o
       152         30          0          0          0       2309   misc.o
       328         38         20         48         52       6606   netconf.o
       444         26          0          9          0       8449   netif.o
      1514          0          0          0          0       7861   pbuf.o
       104          4          0          4          0       1652   raw.o
        28          4        336          0       1024        872   startup_stm32f10x_cl.o
      1648        136          0         16          0      15215   stm32_eth.o
        64         12         68         28          0       1972   stm32_eval.o
      1422        142          0          0          0      13969   stm32f107.o
       420         44          0          0          0       6905   stm32f10x_flash.o
       428         12          0          0          0       5314   stm32f10x_gpio.o
        66          0          0          0          0     295899   stm32f10x_it.o
       540         56          0         20          0       7298   stm32f10x_rcc.o
       292          4          0          0          0       5061   stm32f10x_usart.o
       392         30          0          0          0       2105   system_stm32f10x.o
      2882        154         20         32          0      27370   tcp.o
      5040        248          0         32         20      15028   tcp_in.o
      2738         14          0          0          0      10319   tcp_out.o
      2466        214         32         25       3252      14761   tcpserver.o
       448          6          0          4          0       3335   udp.o

    ----------------------------------------------------------------------
     30800       1718        564        272      54060     551172   Object Totals
         0          0         32          0          0          0   (incl. Generated)
        48          0          0         12          5          0   (incl. Padding)

    ----------------------------------------------------------------------

      Code (inc. data)   RO Data    RW Data    ZI Data      Debug   Library Member Name

         0          0          0          0          0          0   entry.o
         0          0          0          0          0          0   entry10a.o
         0          0          0          0          0          0   entry11a.o
         8          4          0          0          0          0   entry2.o
         4          0          0          0          0          0   entry5.o
         0          0          0          0          0          0   entry7b.o
         0          0          0          0          0          0   entry8b.o
         8          4          0          0          0          0   entry9a.o
        30          0          0          0          0          0   handlers.o
        36          8          0          0          0         68   init.o
        30          0          0          0          0         68   llshl.o
        32          0          0          0          0         68   llushr.o
        36          0          0          0          0         68   memcpya.o
        36          0          0          0          0        108   memseta.o
      1154         54          0          0          0        352   printf8.o
         0          0          0          4          0          0   stdout.o
        98          0          0          0          0         92   uldiv.o

    ----------------------------------------------------------------------
      1476         70          0          4          0        824   Library Totals
         4          0          0          0          0          0   (incl. Padding)

    ----------------------------------------------------------------------

      Code (inc. data)   RO Data    RW Data    ZI Data      Debug   Library Name

      1472         70          0          4          0        824   mc_w.l

    ----------------------------------------------------------------------
      1476         70          0          4          0        824   Library Totals

    ----------------------------------------------------------------------

==============================================================================


      Code (inc. data)   RO Data    RW Data    ZI Data      Debug   

     32276       1788        564        276      54060     539200   Grand Totals
     32276       1788        564        276      54060     539200   ELF Image Totals
     32276       1788        564        276          0          0   ROM Totals

==============================================================================

    Total RO  Size (Code + RO Data)                32840 (  32.07kB)
    Total RW  Size (RW Data + ZI Data)             54336 (  53.06kB)
    Total ROM Size (Code + RO Data + RW Data)      33116 (  32.34kB)

==============================================================================

